Archive member included to satisfy reference by file (symbol)

E:/ST/STM32CubeIDE_1.16.0/STM32CubeIDE/plugins/com.st.stm32cube.ide.mcu.externaltools.gnu-tools-for-stm32.12.3.rel1.win32_1.0.200.202406191623/tools/bin/../lib/gcc/arm-none-eabi/12.3.1/../../../../arm-none-eabi/lib/thumb/v7-m/nofp\libc_nano.a(libc_a-exit.o)
                              E:/ST/STM32CubeIDE_1.16.0/STM32CubeIDE/plugins/com.st.stm32cube.ide.mcu.externaltools.gnu-tools-for-stm32.12.3.rel1.win32_1.0.200.202406191623/tools/bin/../lib/gcc/arm-none-eabi/12.3.1/../../../../arm-none-eabi/lib/thumb/v7-m/nofp/crt0.o (exit)
E:/ST/STM32CubeIDE_1.16.0/STM32CubeIDE/plugins/com.st.stm32cube.ide.mcu.externaltools.gnu-tools-for-stm32.12.3.rel1.win32_1.0.200.202406191623/tools/bin/../lib/gcc/arm-none-eabi/12.3.1/../../../../arm-none-eabi/lib/thumb/v7-m/nofp\libc_nano.a(libc_a-findfp.o)
                              E:/ST/STM32CubeIDE_1.16.0/STM32CubeIDE/plugins/com.st.stm32cube.ide.mcu.externaltools.gnu-tools-for-stm32.12.3.rel1.win32_1.0.200.202406191623/tools/bin/../lib/gcc/arm-none-eabi/12.3.1/../../../../arm-none-eabi/lib/thumb/v7-m/nofp\libc_nano.a(libc_a-exit.o) (__stdio_exit_handler)
E:/ST/STM32CubeIDE_1.16.0/STM32CubeIDE/plugins/com.st.stm32cube.ide.mcu.externaltools.gnu-tools-for-stm32.12.3.rel1.win32_1.0.200.202406191623/tools/bin/../lib/gcc/arm-none-eabi/12.3.1/../../../../arm-none-eabi/lib/thumb/v7-m/nofp\libc_nano.a(libc_a-fwalk.o)
                              E:/ST/STM32CubeIDE_1.16.0/STM32CubeIDE/plugins/com.st.stm32cube.ide.mcu.externaltools.gnu-tools-for-stm32.12.3.rel1.win32_1.0.200.202406191623/tools/bin/../lib/gcc/arm-none-eabi/12.3.1/../../../../arm-none-eabi/lib/thumb/v7-m/nofp\libc_nano.a(libc_a-findfp.o) (_fwalk_sglue)
E:/ST/STM32CubeIDE_1.16.0/STM32CubeIDE/plugins/com.st.stm32cube.ide.mcu.externaltools.gnu-tools-for-stm32.12.3.rel1.win32_1.0.200.202406191623/tools/bin/../lib/gcc/arm-none-eabi/12.3.1/../../../../arm-none-eabi/lib/thumb/v7-m/nofp\libc_nano.a(libc_a-stdio.o)
                              E:/ST/STM32CubeIDE_1.16.0/STM32CubeIDE/plugins/com.st.stm32cube.ide.mcu.externaltools.gnu-tools-for-stm32.12.3.rel1.win32_1.0.200.202406191623/tools/bin/../lib/gcc/arm-none-eabi/12.3.1/../../../../arm-none-eabi/lib/thumb/v7-m/nofp\libc_nano.a(libc_a-findfp.o) (__sread)
E:/ST/STM32CubeIDE_1.16.0/STM32CubeIDE/plugins/com.st.stm32cube.ide.mcu.externaltools.gnu-tools-for-stm32.12.3.rel1.win32_1.0.200.202406191623/tools/bin/../lib/gcc/arm-none-eabi/12.3.1/../../../../arm-none-eabi/lib/thumb/v7-m/nofp\libc_nano.a(libc_a-memset.o)
                              E:/ST/STM32CubeIDE_1.16.0/STM32CubeIDE/plugins/com.st.stm32cube.ide.mcu.externaltools.gnu-tools-for-stm32.12.3.rel1.win32_1.0.200.202406191623/tools/bin/../lib/gcc/arm-none-eabi/12.3.1/../../../../arm-none-eabi/lib/thumb/v7-m/nofp/crt0.o (memset)
E:/ST/STM32CubeIDE_1.16.0/STM32CubeIDE/plugins/com.st.stm32cube.ide.mcu.externaltools.gnu-tools-for-stm32.12.3.rel1.win32_1.0.200.202406191623/tools/bin/../lib/gcc/arm-none-eabi/12.3.1/../../../../arm-none-eabi/lib/thumb/v7-m/nofp\libc_nano.a(libc_a-closer.o)
                              E:/ST/STM32CubeIDE_1.16.0/STM32CubeIDE/plugins/com.st.stm32cube.ide.mcu.externaltools.gnu-tools-for-stm32.12.3.rel1.win32_1.0.200.202406191623/tools/bin/../lib/gcc/arm-none-eabi/12.3.1/../../../../arm-none-eabi/lib/thumb/v7-m/nofp\libc_nano.a(libc_a-stdio.o) (_close_r)
E:/ST/STM32CubeIDE_1.16.0/STM32CubeIDE/plugins/com.st.stm32cube.ide.mcu.externaltools.gnu-tools-for-stm32.12.3.rel1.win32_1.0.200.202406191623/tools/bin/../lib/gcc/arm-none-eabi/12.3.1/../../../../arm-none-eabi/lib/thumb/v7-m/nofp\libc_nano.a(libc_a-reent.o)
                              E:/ST/STM32CubeIDE_1.16.0/STM32CubeIDE/plugins/com.st.stm32cube.ide.mcu.externaltools.gnu-tools-for-stm32.12.3.rel1.win32_1.0.200.202406191623/tools/bin/../lib/gcc/arm-none-eabi/12.3.1/../../../../arm-none-eabi/lib/thumb/v7-m/nofp\libc_nano.a(libc_a-closer.o) (errno)
E:/ST/STM32CubeIDE_1.16.0/STM32CubeIDE/plugins/com.st.stm32cube.ide.mcu.externaltools.gnu-tools-for-stm32.12.3.rel1.win32_1.0.200.202406191623/tools/bin/../lib/gcc/arm-none-eabi/12.3.1/../../../../arm-none-eabi/lib/thumb/v7-m/nofp\libc_nano.a(libc_a-impure.o)
                              E:/ST/STM32CubeIDE_1.16.0/STM32CubeIDE/plugins/com.st.stm32cube.ide.mcu.externaltools.gnu-tools-for-stm32.12.3.rel1.win32_1.0.200.202406191623/tools/bin/../lib/gcc/arm-none-eabi/12.3.1/../../../../arm-none-eabi/lib/thumb/v7-m/nofp\libc_nano.a(libc_a-reent.o) (_impure_ptr)
E:/ST/STM32CubeIDE_1.16.0/STM32CubeIDE/plugins/com.st.stm32cube.ide.mcu.externaltools.gnu-tools-for-stm32.12.3.rel1.win32_1.0.200.202406191623/tools/bin/../lib/gcc/arm-none-eabi/12.3.1/../../../../arm-none-eabi/lib/thumb/v7-m/nofp\libc_nano.a(libc_a-lseekr.o)
[...]
Memory Configuration

Name             Origin             Length             Attributes
RAM              0x20000000         0x00002800         xrw
FLASH            0x08000000         0x00008000         xr
*default*        0x00000000         0xffffffff

Linker script and memory map

LOAD E:/ST/STM32CubeIDE_1.16.0/STM32CubeIDE/plugins/com.st.stm32cube.ide.mcu.externaltools.gnu-tools-for-stm32.12.3.rel1.win32_1.0.200.202406191623/tools/bin/../lib/gcc/arm-none-eabi/12.3.1/thumb/v7-m/nofp/crti.o
LOAD E:/ST/STM32CubeIDE_1.16.0/STM32CubeIDE/plugins/com.st.stm32cube.ide.mcu.externaltools.gnu-tools-for-stm32.12.3.rel1.win32_1.0.200.202406191623/tools/bin/../lib/gcc/arm-none-eabi/12.3.1/thumb/v7-m/nofp/crtbegin.o
LOAD E:/ST/STM32CubeIDE_1.16.0/STM32CubeIDE/plugins/com.st.stm32cube.ide.mcu.externaltools.gnu-tools-for-stm32.12.3.rel1.win32_1.0.200.202406191623/tools/bin/../lib/gcc/arm-none-eabi/12.3.1/../../../../arm-none-eabi/lib/thumb/v7-m/nofp/crt0.o
LOAD ./Core/Src/I2C_LCD.o
LOAD ./Core/Src/I2C_LCD_cfg.o
LOAD ./Core/Src/Util.o
LOAD ./Core/Src/button.o
LOAD ./Core/Src/fsm_automatic.o
LOAD ./Core/Src/fsm_manual.o
LOAD ./Core/Src/fsm_setting.o
LOAD ./Core/Src/global.o
LOAD ./Core/Src/main.o
LOAD ./Core/Src/scheduler.o
LOAD ./Core/Src/stm32f1xx_hal_msp.o
LOAD ./Core/Src/stm32f1xx_it.o
LOAD ./Core/Src/syscalls.o
LOAD ./Core/Src/sysmem.o
LOAD ./Core/Src/system_stm32f1xx.o
LOAD ./Core/Startup/startup_stm32f103c6ux.o
LOAD ./Drivers/STM32F1xx_HAL_Driver/Src/stm32f1xx_hal.o
LOAD ./Drivers/STM32F1xx_HAL_Driver/Src/stm32f1xx_hal_cortex.o
LOAD ./Drivers/STM32F1xx_HAL_Driver/Src/stm32f1xx_hal_dma.o
LOAD ./Drivers/STM32F1xx_HAL_Driver/Src/stm32f1xx_hal_exti.o
LOAD ./Drivers/STM32F1xx_HAL_Driver/Src/stm32f1xx_hal_flash.o
LOAD ./Drivers/STM32F1xx_HAL_Driver/Src/stm32f1xx_hal_flash_ex.o
LOAD ./Drivers/STM32F1xx_HAL_Driver/Src/stm32f1xx_hal_gpio.o
LOAD ./Drivers/STM32F1xx_HAL_Driver/Src/stm32f1xx_hal_gpio_ex.o
LOAD ./Drivers/STM32F1xx_HAL_Driver/Src/stm32f1xx_hal_i2c.o
LOAD ./Drivers/STM32F1xx_HAL_Driver/Src/stm32f1xx_hal_pwr.o
LOAD ./Drivers/STM32F1xx_HAL_Driver/Src/stm32f1xx_hal_rcc.o
LOAD ./Drivers/STM32F1xx_HAL_Driver/Src/stm32f1xx_hal_rcc_ex.o
LOAD ./Drivers/STM32F1xx_HAL_Driver/Src/stm32f1xx_hal_tim.o
LOAD ./Drivers/STM32F1xx_HAL_Driver/Src/stm32f1xx_hal_tim_ex.o
START GROUP
LOAD E:/ST/STM32CubeIDE_1.16.0/STM32CubeIDE/plugins/com.st.stm32cube.ide.mcu.externaltools.gnu-tools-for-stm32.12.3.rel1.win32_1.0.200.202406191623/tools/bin/../lib/gcc/arm-none-eabi/12.3.1/../../../../arm-none-eabi/lib/thumb/v7-m/nofp\libc_nano.a
LOAD E:/ST/STM32CubeIDE_1.16.0/STM32CubeIDE/plugins/com.st.stm32cube.ide.mcu.externaltools.gnu-tools-for-stm32.12.3.rel1.win32_1.0.200.202406191623/tools/bin/../lib/gcc/arm-none-eabi/12.3.1/../../../../arm-none-eabi/lib/thumb/v7-m/nofp\libm.a
END GROUP
START GROUP
LOAD E:/ST/STM32CubeIDE_1.16.0/STM32CubeIDE/plugins/com.st.stm32cube.ide.mcu.externaltools.gnu-tools-for-stm32.12.3.rel1.win32_1.0.200.202406191623/tools/bin/../lib/gcc/arm-none-eabi/12.3.1/thumb/v7-m/nofp\libgcc.a
LOAD E:/ST/STM32CubeIDE_1.16.0/STM32CubeIDE/plugins/com.st.stm32cube.ide.mcu.externaltools.gnu-tools-for-stm32.12.3.rel1.win32_1.0.200.202406191623/tools/bin/../lib/gcc/arm-none-eabi/12.3.1/../../../../arm-none-eabi/lib/thumb/v7-m/nofp\libc_nano.a
END GROUP
START GROUP
LOAD E:/ST/STM32CubeIDE_1.16.0/STM32CubeIDE/plugins/com.st.stm32cube.ide.mcu.externaltools.gnu-tools-for-stm32.12.3.rel1.win32_1.0.200.202406191623/tools/bin/../lib/gcc/arm-none-eabi/12.3.1/thumb/v7-m/nofp\libgcc.a
LOAD E:/ST/STM32CubeIDE_1.16.0/STM32CubeIDE/plugins/com.st.stm32cube.ide.mcu.externaltools.gnu-tools-for-stm32.12.3.rel1.win32_1.0.200.202406191623/tools/bin/../lib/gcc/arm-none-eabi/12.3.1/../../../../arm-none-eabi/lib/thumb/v7-m/nofp\libc_nano.a
LOAD E:/ST/STM32CubeIDE_1.16.0/STM32CubeIDE/plugins/com.st.stm32cube.ide.mcu.externaltools.gnu-tools-for-stm32.12.3.rel1.win32_1.0.200.202406191623/tools/bin/../lib/gcc/arm-none-eabi/12.3.1/../../../../arm-none-eabi/lib/thumb/v7-m/nofp\libnosys.a
END GROUP
START GROUP
LOAD E:/ST/STM32CubeIDE_1.16.0/STM32CubeIDE/plugins/com.st.stm32cube.ide.mcu.externaltools.gnu-tools-for-stm32.12.3.rel1.win32_1.0.200.202406191623/tools/bin/../lib/gcc/arm-none-eabi/12.3.1/thumb/v7-m/nofp\libgcc.a
LOAD E:/ST/STM32CubeIDE_1.16.0/STM32CubeIDE/plugins/com.st.stm32cube.ide.mcu.externaltools.gnu-tools-for-stm32.12.3.rel1.win32_1.0.200.202406191623/tools/bin/../lib/gcc/arm-none-eabi/12.3.1/../../../../arm-none-eabi/lib/thumb/v7-m/nofp\libc_nano.a
LOAD E:/ST/STM32CubeIDE_1.16.0/STM32CubeIDE/plugins/com.st.stm32cube.ide.mcu.externaltools.gnu-tools-for-stm32.12.3.rel1.win32_1.0.200.202406191623/tools/bin/../lib/gcc/arm-none-eabi/12.3.1/../../../../arm-none-eabi/lib/thumb/v7-m/nofp\libnosys.a
END GROUP
LOAD E:/ST/STM32CubeIDE_1.16.0/STM32CubeIDE/plugins/com.st.stm32cube.ide.mcu.externaltools.gnu-tools-for-stm32.12.3.rel1.win32_1.0.200.202406191623/tools/bin/../lib/gcc/arm-none-eabi/12.3.1/thumb/v7-m/nofp/crtend.o
LOAD E:/ST/STM32CubeIDE_1.16.0/STM32CubeIDE/plugins/com.st.stm32cube.ide.mcu.externaltools.gnu-tools-for-stm32.12.3.rel1.win32_1.0.200.202406191623/tools/bin/../lib/gcc/arm-none-eabi/12.3.1/thumb/v7-m/nofp/crtn.o
                0x20002800                        _estack = (ORIGIN (RAM) + LENGTH (RAM))
                0x00000200                        _Min_Heap_Size = 0x200
                0x00000400                        _Min_Stack_Size = 0x400

.isr_vector     0x08000000      0x10c
                0x08000000                        . = ALIGN (0x4)
 *(.isr_vector)
 .isr_vector    0x08000000      0x10c ./Core/Startup/startup_stm32f103c6ux.o
                0x08000000                g_pfnVectors
                0x0800010c                        . = ALIGN (0x4)

.text           0x0800010c     0x2ab8
                0x0800010c                        . = ALIGN (0x4)
 *(.text)
 .text          0x0800010c       0x40 E:/ST/STM32CubeIDE_1.16.0/STM32CubeIDE/plugins/com.st.stm32cube.ide.mcu.externaltools.gnu-tools-for-stm32.12.3.rel1.win32_1.0.200.202406191623/tools/bin/../lib/gcc/arm-none-eabi/12.3.1/thumb/v7-m/nofp/crtbegin.o
 *(.text*)
 .text.isButtonPressed
                0x0800014c       0x34 ./Core/Src/button.o
                0x0800014c                isButtonPressed
 .text.isButtonLongPressed
                0x08000180       0x34 ./Core/Src/button.o
                0x08000180                isButtonLongPressed
 .text.getKeyInput
                0x080001b4      0x138 ./Core/Src/button.o
                0x080001b4                getKeyInput
 .text.run_automatic
                0x080002ec      0x208 ./Core/Src/fsm_automatic.o
                0x080002ec                run_automatic
 .text.run_manual
                0x080004f4      0x1e4 ./Core/Src/fsm_manual.o
                0x080004f4                run_manual
 .text.run_setting
                0x080006d8      0x264 ./Core/Src/fsm_setting.o
                0x080006d8                run_setting
 .text.ResetLight1
                0x0800093c       0x2c ./Core/Src/global.o
                0x0800093c                ResetLight1
 .text.ResetLight2
                0x08000968       0x2c ./Core/Src/global.o
                0x08000968                ResetLight2
 .text.RedLight1
                0x08000994       0x2c ./Core/Src/global.o
                0x08000994                RedLight1
 .text.YellowLight1
                0x080009c0       0x2c ./Core/Src/global.o
                0x080009c0                YellowLight1
 .text.GreenLight1
                0x080009ec       0x2c ./Core/Src/global.o
                0x080009ec                GreenLight1
 .text.RedLight2
                0x08000a18       0x2c ./Core/Src/global.o
                0x08000a18                RedLight2
 .text.YellowLight2
                0x08000a44       0x2c ./Core/Src/global.o
                0x08000a44                YellowLight2
 .text.GreenLight2
                0x08000a70       0x2c ./Core/Src/global.o
                0x08000a70                GreenLight2
 .text.Run_Traffic_Light
                0x08000a9c       0x14 ./Core/Src/global.o
                0x08000a9c                Run_Traffic_Light
 .text.main     0x08000ab0       0x48 ./Core/Src/main.o
                0x08000ab0                main
 .text.SystemClock_Config
                0x08000af8       0x80 ./Core/Src/main.o
                0x08000af8                SystemClock_Config
 .text.MX_I2C1_Init
                0x08000b78       0x5c ./Core/Src/main.o
 .text.MX_TIM2_Init
                0x08000bd4       0x98 ./Core/Src/main.o
 .text.MX_GPIO_Init
                0x08000c6c       0x94 ./Core/Src/main.o
 .text.HAL_TIM_PeriodElapsedCallback
                0x08000d00       0x14 ./Core/Src/main.o
                0x08000d00                HAL_TIM_PeriodElapsedCallback
 .text.Error_Handler
                0x08000d14        0xc ./Core/Src/main.o
                0x08000d14                Error_Handler
 .text.SCH_Init
                0x08000d20       0x34 ./Core/Src/scheduler.o
                0x08000d20                SCH_Init
 .text.SCH_Update
                0x08000d54       0xe0 ./Core/Src/scheduler.o
                0x08000d54                SCH_Update
 .text.SCH_Add_Task
                0x08000e34       0xcc ./Core/Src/scheduler.o
                0x08000e34                SCH_Add_Task
 .text.SCH_Delete_Task
                0x08000f00       0x90 ./Core/Src/scheduler.o
                0x08000f00                SCH_Delete_Task
 .text.SCH_Dispatch_Task
                0x08000f90       0x98 ./Core/Src/scheduler.o
                0x08000f90                SCH_Dispatch_Task
 .text.SCH_Report_Status
                0x08001028       0x78 ./Core/Src/scheduler.o
                0x08001028                SCH_Report_Status
 .text.HAL_MspInit
                0x080010a0       0x64 ./Core/Src/stm32f1xx_hal_msp.o
                0x080010a0                HAL_MspInit
 .text.HAL_I2C_MspInit
                0x08001104       0xa4 ./Core/Src/stm32f1xx_hal_msp.o
                0x08001104                HAL_I2C_MspInit
 .text.HAL_TIM_Base_MspInit
                0x080011a8       0x48 ./Core/Src/stm32f1xx_hal_msp.o
                0x080011a8                HAL_TIM_Base_MspInit
 .text.NMI_Handler
                0x080011f0        0x8 ./Core/Src/stm32f1xx_it.o
                0x080011f0                NMI_Handler
 .text.HardFault_Handler
                0x080011f8        0x8 ./Core/Src/stm32f1xx_it.o
                0x080011f8                HardFault_Handler
 .text.MemManage_Handler
                0x08001200        0x8 ./Core/Src/stm32f1xx_it.o
                0x08001200                MemManage_Handler
 .text.BusFault_Handler
                0x08001208        0x8 ./Core/Src/stm32f1xx_it.o
                0x08001208                BusFault_Handler
 .text.UsageFault_Handler
                0x08001210        0x8 ./Core/Src/stm32f1xx_it.o
                0x08001210                UsageFault_Handler
 .text.SVC_Handler
                0x08001218        0xc ./Core/Src/stm32f1xx_it.o
                0x08001218                SVC_Handler
 .text.DebugMon_Handler
                0x08001224        0xc ./Core/Src/stm32f1xx_it.o
                0x08001224                DebugMon_Handler
 .text.PendSV_Handler
                0x08001230        0xc ./Core/Src/stm32f1xx_it.o
                0x08001230                PendSV_Handler
 .text.SysTick_Handler
                0x0800123c        0xc ./Core/Src/stm32f1xx_it.o
                0x0800123c                SysTick_Handler
 .text.TIM2_IRQHandler
                0x08001248       0x14 ./Core/Src/stm32f1xx_it.o
                0x08001248                TIM2_IRQHandler
 .text.SystemInit
                0x0800125c        0xc ./Core/Src/system_stm32f1xx.o
                0x0800125c                SystemInit
 .text.Reset_Handler
                0x08001268       0x48 ./Core/Startup/startup_stm32f103c6ux.o
                0x08001268                Reset_Handler
 .text.Default_Handler
                0x080012b0        0x2 ./Core/Startup/startup_stm32f103c6ux.o
                0x080012b0                RTC_Alarm_IRQHandler
                0x080012b0                EXTI2_IRQHandler
                0x080012b0                TIM1_CC_IRQHandler
                0x080012b0                PVD_IRQHandler
                0x080012b0                EXTI3_IRQHandler
                0x080012b0                EXTI0_IRQHandler
                0x080012b0                ADC1_2_IRQHandler
                0x080012b0                SPI1_IRQHandler
                0x080012b0                TAMPER_IRQHandler
                0x080012b0                DMA1_Channel4_IRQHandler
                0x080012b0                RTC_IRQHandler
                0x080012b0                DMA1_Channel7_IRQHandler
                0x080012b0                CAN1_RX1_IRQHandler
                0x080012b0                I2C1_EV_IRQHandler
                0x080012b0                DMA1_Channel6_IRQHandler
                0x080012b0                TIM3_IRQHandler
                0x080012b0                RCC_IRQHandler
                0x080012b0                TIM1_TRG_COM_IRQHandler
                0x080012b0                DMA1_Channel1_IRQHandler
                0x080012b0                Default_Handler
                0x080012b0                EXTI15_10_IRQHandler
                0x080012b0                EXTI9_5_IRQHandler
                0x080012b0                DMA1_Channel5_IRQHandler
                0x080012b0                EXTI4_IRQHandler
                0x080012b0                USB_LP_CAN1_RX0_IRQHandler
                0x080012b0                USB_HP_CAN1_TX_IRQHandler
                0x080012b0                DMA1_Channel3_IRQHandler
                0x080012b0                TIM1_UP_IRQHandler
                0x080012b0                WWDG_IRQHandler
                0x080012b0                TIM1_BRK_IRQHandler
                0x080012b0                EXTI1_IRQHandler
                0x080012b0                USART2_IRQHandler
                0x080012b0                DMA1_Channel2_IRQHandler
                0x080012b0                CAN1_SCE_IRQHandler
                0x080012b0                FLASH_IRQHandler
                0x080012b0                USART1_IRQHandler
                0x080012b0                I2C1_ER_IRQHandler
                0x080012b0                USBWakeUp_IRQHandler
 *fill*         0x080012b2        0x2 
 .text.HAL_Init
                0x080012b4       0x2c ./Drivers/STM32F1xx_HAL_Driver/Src/stm32f1xx_hal.o
                0x080012b4                HAL_Init
 .text.HAL_InitTick
                0x080012e0       0x60 ./Drivers/STM32F1xx_HAL_Driver/Src/stm32f1xx_hal.o
                0x080012e0                HAL_InitTick
 .text.HAL_IncTick
                0x08001340       0x24 ./Drivers/STM32F1xx_HAL_Driver/Src/stm32f1xx_hal.o
                0x08001340                HAL_IncTick
 .text.HAL_GetTick
                0x08001364       0x14 ./Drivers/STM32F1xx_HAL_Driver/Src/stm32f1xx_hal.o
                0x08001364                HAL_GetTick
 .text.__NVIC_SetPriorityGrouping
                0x08001378       0x48 ./Drivers/STM32F1xx_HAL_Driver/Src/stm32f1xx_hal_cortex.o
 .text.__NVIC_GetPriorityGrouping
                0x080013c0       0x1c ./Drivers/STM32F1xx_HAL_Driver/Src/stm32f1xx_hal_cortex.o
 .text.__NVIC_EnableIRQ
                0x080013dc       0x38 ./Drivers/STM32F1xx_HAL_Driver/Src/stm32f1xx_hal_cortex.o
 .text.__NVIC_SetPriority
                0x08001414       0x54 ./Drivers/STM32F1xx_HAL_Driver/Src/stm32f1xx_hal_cortex.o
 .text.NVIC_EncodePriority
                0x08001468       0x64 ./Drivers/STM32F1xx_HAL_Driver/Src/stm32f1xx_hal_cortex.o
 .text.SysTick_Config
                0x080014cc       0x44 ./Drivers/STM32F1xx_HAL_Driver/Src/stm32f1xx_hal_cortex.o
 .text.HAL_NVIC_SetPriorityGrouping
                0x08001510       0x16 ./Drivers/STM32F1xx_HAL_Driver/Src/stm32f1xx_hal_cortex.o
                0x08001510                HAL_NVIC_SetPriorityGrouping
 .text.HAL_NVIC_SetPriority
                0x08001526       0x38 ./Drivers/STM32F1xx_HAL_Driver/Src/stm32f1xx_hal_cortex.o
                0x08001526                HAL_NVIC_SetPriority
 .text.HAL_NVIC_EnableIRQ
                0x0800155e       0x1c ./Drivers/STM32F1xx_HAL_Driver/Src/stm32f1xx_hal_cortex.o
                0x0800155e                HAL_NVIC_EnableIRQ
 .text.HAL_SYSTICK_Config
                0x0800157a       0x18 ./Drivers/STM32F1xx_HAL_Driver/Src/stm32f1xx_hal_cortex.o
                0x0800157a                HAL_SYSTICK_Config
 *fill*         0x08001592        0x2 
 .text.HAL_GPIO_Init
                0x08001594      0x2f8 ./Drivers/STM32F1xx_HAL_Driver/Src/stm32f1xx_hal_gpio.o
                0x08001594                HAL_GPIO_Init
 .text.HAL_GPIO_ReadPin
                0x0800188c       0x2e ./Drivers/STM32F1xx_HAL_Driver/Src/stm32f1xx_hal_gpio.o
                0x0800188c                HAL_GPIO_ReadPin
 .text.HAL_GPIO_WritePin
                0x080018ba       0x30 ./Drivers/STM32F1xx_HAL_Driver/Src/stm32f1xx_hal_gpio.o
                0x080018ba                HAL_GPIO_WritePin
 .text.HAL_GPIO_TogglePin
                0x080018ea       0x32 ./Drivers/STM32F1xx_HAL_Driver/Src/stm32f1xx_hal_gpio.o
                0x080018ea                HAL_GPIO_TogglePin
 .text.HAL_I2C_Init
                0x0800191c      0x288 ./Drivers/STM32F1xx_HAL_Driver/Src/stm32f1xx_hal_i2c.o
                0x0800191c                HAL_I2C_Init
 .text.HAL_RCC_OscConfig
                0x08001ba4      0x504 ./Drivers/STM32F1xx_HAL_Driver/Src/stm32f1xx_hal_rcc.o
                0x08001ba4                HAL_RCC_OscConfig
 .text.HAL_RCC_ClockConfig
                0x080020a8      0x1d4 ./Drivers/STM32F1xx_HAL_Driver/Src/stm32f1xx_hal_rcc.o
                0x080020a8                HAL_RCC_ClockConfig
 .text.HAL_RCC_GetSysClockFreq
                0x0800227c       0xa8 ./Drivers/STM32F1xx_HAL_Driver/Src/stm32f1xx_hal_rcc.o
                0x0800227c                HAL_RCC_GetSysClockFreq
 .text.HAL_RCC_GetHCLKFreq
                0x08002324       0x14 ./Drivers/STM32F1xx_HAL_Driver/Src/stm32f1xx_hal_rcc.o
                0x08002324                HAL_RCC_GetHCLKFreq
 .text.HAL_RCC_GetPCLK1Freq
                0x08002338       0x28 ./Drivers/STM32F1xx_HAL_Driver/Src/stm32f1xx_hal_rcc.o
                0x08002338                HAL_RCC_GetPCLK1Freq
 .text.RCC_Delay
                0x08002360       0x3c ./Drivers/STM32F1xx_HAL_Driver/Src/stm32f1xx_hal_rcc.o
 .text.HAL_TIM_Base_Init
                0x0800239c       0x9e ./Drivers/STM32F1xx_HAL_Driver/Src/stm32f1xx_hal_tim.o
                0x0800239c                HAL_TIM_Base_Init
 *fill*         0x0800243a        0x2 
 .text.HAL_TIM_Base_Start_IT
                0x0800243c       0x98 ./Drivers/STM32F1xx_HAL_Driver/Src/stm32f1xx_hal_tim.o
                0x0800243c                HAL_TIM_Base_Start_IT
 .text.HAL_TIM_IRQHandler
                0x080024d4      0x1e0 ./Drivers/STM32F1xx_HAL_Driver/Src/stm32f1xx_hal_tim.o
                0x080024d4                HAL_TIM_IRQHandler
 .text.HAL_TIM_ConfigClockSource
                0x080026b4      0x18e ./Drivers/STM32F1xx_HAL_Driver/Src/stm32f1xx_hal_tim.o
                0x080026b4                HAL_TIM_ConfigClockSource
 .text.HAL_TIM_OC_DelayElapsedCallback
                0x08002842       0x12 ./Drivers/STM32F1xx_HAL_Driver/Src/stm32f1xx_hal_tim.o
                0x08002842                HAL_TIM_OC_DelayElapsedCallback
 .text.HAL_TIM_IC_CaptureCallback
                0x08002854       0x12 ./Drivers/STM32F1xx_HAL_Driver/Src/stm32f1xx_hal_tim.o
                0x08002854                HAL_TIM_IC_CaptureCallback
 .text.HAL_TIM_PWM_PulseFinishedCallback
                0x08002866       0x12 ./Drivers/STM32F1xx_HAL_Driver/Src/stm32f1xx_hal_tim.o
                0x08002866                HAL_TIM_PWM_PulseFinishedCallback
 .text.HAL_TIM_TriggerCallback
                0x08002878       0x12 ./Drivers/STM32F1xx_HAL_Driver/Src/stm32f1xx_hal_tim.o
                0x08002878                HAL_TIM_TriggerCallback
 *fill*         0x0800288a        0x2 
 .text.TIM_Base_SetConfig
                0x0800288c       0xc8 ./Drivers/STM32F1xx_HAL_Driver/Src/stm32f1xx_hal_tim.o
                0x0800288c                TIM_Base_SetConfig
 .text.TIM_TI1_ConfigInputStage
                0x08002954       0x5c ./Drivers/STM32F1xx_HAL_Driver/Src/stm32f1xx_hal_tim.o
 .text.TIM_TI2_ConfigInputStage
                0x080029b0       0x5e ./Drivers/STM32F1xx_HAL_Driver/Src/stm32f1xx_hal_tim.o
 .text.TIM_ITRx_SetConfig
                0x08002a0e       0x34 ./Drivers/STM32F1xx_HAL_Driver/Src/stm32f1xx_hal_tim.o
 .text.TIM_ETR_SetConfig
                0x08002a42       0x3e ./Drivers/STM32F1xx_HAL_Driver/Src/stm32f1xx_hal_tim.o
                0x08002a42                TIM_ETR_SetConfig
 .text.HAL_TIMEx_MasterConfigSynchronization
                0x08002a80       0xb0 ./Drivers/STM32F1xx_HAL_Driver/Src/stm32f1xx_hal_tim_ex.o
                0x08002a80                HAL_TIMEx_MasterConfigSynchronization
 .text.HAL_TIMEx_CommutCallback
                0x08002b30       0x12 ./Drivers/STM32F1xx_HAL_Driver/Src/stm32f1xx_hal_tim_ex.o
                0x08002b30                HAL_TIMEx_CommutCallback
 .text.HAL_TIMEx_BreakCallback
                0x08002b42       0x12 ./Drivers/STM32F1xx_HAL_Driver/Src/stm32f1xx_hal_tim_ex.o
                0x08002b42                HAL_TIMEx_BreakCallback
 .text.memset   0x08002b54       0x10 E:/ST/STM32CubeIDE_1.16.0/STM32CubeIDE/plugins/com.st.stm32cube.ide.mcu.externaltools.gnu-tools-for-stm32.12.3.rel1.win32_1.0.200.202406191623/tools/bin/../lib/gcc/arm-none-eabi/12.3.1/../../../../arm-none-eabi/lib/thumb/v7-m/nofp\libc_nano.a(libc_a-memset.o)
                0x08002b54                memset
 .text.__libc_init_array
                0x08002b64       0x48 E:/ST/STM32CubeIDE_1.16.0/STM32CubeIDE/plugins/com.st.stm32cube.ide.mcu.externaltools.gnu-tools-for-stm32.12.3.rel1.win32_1.0.200.202406191623/tools/bin/../lib/gcc/arm-none-eabi/12.3.1/../../../../arm-none-eabi/lib/thumb/v7-m/nofp\libc_nano.a(libc_a-init.o)
                0x08002b64                __libc_init_array
 *(.glue_7)
 .glue_7        0x08002bac        0x0 linker stubs
 *(.glue_7t)
 .glue_7t       0x08002bac        0x0 linker stubs
 *(.eh_frame)
 .eh_frame      0x08002bac        0x0 E:/ST/STM32CubeIDE_1.16.0/STM32CubeIDE/plugins/com.st.stm32cube.ide.mcu.externaltools.gnu-tools-for-stm32.12.3.rel1.win32_1.0.200.202406191623/tools/bin/../lib/gcc/arm-none-eabi/12.3.1/thumb/v7-m/nofp/crtbegin.o
 *(.init)
 .init          0x08002bac        0x4 E:/ST/STM32CubeIDE_1.16.0/STM32CubeIDE/plugins/com.st.stm32cube.ide.mcu.externaltools.gnu-tools-for-stm32.12.3.rel1.win32_1.0.200.202406191623/tools/bin/../lib/gcc/arm-none-eabi/12.3.1/thumb/v7-m/nofp/crti.o
                0x08002bac                _init
 .init          0x08002bb0        0x8 E:/ST/STM32CubeIDE_1.16.0/STM32CubeIDE/plugins/com.st.stm32cube.ide.mcu.externaltools.gnu-tools-for-stm32.12.3.rel1.win32_1.0.200.202406191623/tools/bin/../lib/gcc/arm-none-eabi/12.3.1/thumb/v7-m/nofp/crtn.o
 *(.fini)
 .fini          0x08002bb8        0x4 E:/ST/STM32CubeIDE_1.16.0/STM32CubeIDE/plugins/com.st.stm32cube.ide.mcu.externaltools.gnu-tools-for-stm32.12.3.rel1.win32_1.0.200.202406191623/tools/bin/../lib/gcc/arm-none-eabi/12.3.1/thumb/v7-m/nofp/crti.o
                0x08002bb8                _fini
 .fini          0x08002bbc        0x8 E:/ST/STM32CubeIDE_1.16.0/STM32CubeIDE/plugins/com.st.stm32cube.ide.mcu.externaltools.gnu-tools-for-stm32.12.3.rel1.win32_1.0.200.202406191623/tools/bin/../lib/gcc/arm-none-eabi/12.3.1/thumb/v7-m/nofp/crtn.o
                0x08002bc4                        . = ALIGN (0x4)
                0x08002bc4                        _etext = .

.vfp11_veneer   0x08002bc4        0x0
 .vfp11_veneer  0x08002bc4        0x0 linker stubs

.v4_bx          0x08002bc4        0x0
 .v4_bx         0x08002bc4        0x0 linker stubs

.iplt           0x08002bc4        0x0
 .iplt          0x08002bc4        0x0 E:/ST/STM32CubeIDE_1.16.0/STM32CubeIDE/plugins/com.st.stm32cube.ide.mcu.externaltools.gnu-tools-for-stm32.12.3.rel1.win32_1.0.200.202406191623/tools/bin/../lib/gcc/arm-none-eabi/12.3.1/thumb/v7-m/nofp/crtbegin.o

.rodata         0x08002bc4       0x2c
                0x08002bc4                        . = ALIGN (0x4)
 *(.rodata)
 *(.rodata*)
 .rodata.AHBPrescTable
                0x08002bc4       0x10 ./Core/Src/system_stm32f1xx.o
                0x08002bc4                AHBPrescTable
 .rodata.APBPrescTable
                0x08002bd4        0x8 ./Core/Src/system_stm32f1xx.o
                0x08002bd4                APBPrescTable
 .rodata.aPLLMULFactorTable.1
                0x08002bdc       0x10 ./Drivers/STM32F1xx_HAL_Driver/Src/stm32f1xx_hal_rcc.o
 .rodata.aPredivFactorTable.0
                0x08002bec        0x2 ./Drivers/STM32F1xx_HAL_Driver/Src/stm32f1xx_hal_rcc.o
                0x08002bf0                        . = ALIGN (0x4)
 *fill*         0x08002bee        0x2 

.ARM.extab      0x08002bf0        0x0
                0x08002bf0                        . = ALIGN (0x4)
 *(.ARM.extab* .gnu.linkonce.armextab.*)
                0x08002bf0                        . = ALIGN (0x4)

.ARM            0x08002bf0        0x0
                0x08002bf0                        . = ALIGN (0x4)
                0x08002bf0                        __exidx_start = .
 *(.ARM.exidx*)
                0x08002bf0                        __exidx_end = .
                0x08002bf0                        . = ALIGN (0x4)

.preinit_array  0x08002bf0        0x0
                0x08002bf0                        . = ALIGN (0x4)
                0x08002bf0                        PROVIDE (__preinit_array_start = .)
 *(.preinit_array*)
                0x08002bf0                        PROVIDE (__preinit_array_end = .)
                0x08002bf0                        . = ALIGN (0x4)

.init_array     0x08002bf0        0x4
                0x08002bf0                        . = ALIGN (0x4)
                0x08002bf0                        PROVIDE (__init_array_start = .)
 *(SORT_BY_NAME(.init_array.*))
 *(.init_array*)
 .init_array    0x08002bf0        0x4 E:/ST/STM32CubeIDE_1.16.0/STM32CubeIDE/plugins/com.st.stm32cube.ide.mcu.externaltools.gnu-tools-for-stm32.12.3.rel1.win32_1.0.200.202406191623/tools/bin/../lib/gcc/arm-none-eabi/12.3.1/thumb/v7-m/nofp/crtbegin.o
                0x08002bf4                        PROVIDE (__init_array_end = .)
                0x08002bf4                        . = ALIGN (0x4)

.fini_array     0x08002bf4        0x4
                0x08002bf4                        . = ALIGN (0x4)
                [!provide]                        PROVIDE (__fini_array_start = .)
 *(SORT_BY_NAME(.fini_array.*))
 *(.fini_array*)
 .fini_array    0x08002bf4        0x4 E:/ST/STM32CubeIDE_1.16.0/STM32CubeIDE/plugins/com.st.stm32cube.ide.mcu.externaltools.gnu-tools-for-stm32.12.3.rel1.win32_1.0.200.202406191623/tools/bin/../lib/gcc/arm-none-eabi/12.3.1/thumb/v7-m/nofp/crtbegin.o
                [!provide]                        PROVIDE (__fini_array_end = .)
                0x08002bf8                        . = ALIGN (0x4)
                0x08002bf8                        _sidata = LOADADDR (.data)

.rel.dyn        0x08002bf8        0x0
 .rel.iplt      0x08002bf8        0x0 E:/ST/STM32CubeIDE_1.16.0/STM32CubeIDE/plugins/com.st.stm32cube.ide.mcu.externaltools.gnu-tools-for-stm32.12.3.rel1.win32_1.0.200.202406191623/tools/bin/../lib/gcc/arm-none-eabi/12.3.1/thumb/v7-m/nofp/crtbegin.o

.data           0x20000000       0x7c load address 0x08002bf8
                0x20000000                        . = ALIGN (0x4)
                0x20000000                        _sdata = .
 *(.data)
 *(.data*)
 .data.KeyReg0  0x20000000       0x14 ./Core/Src/button.o
                0x20000000                KeyReg0
 .data.KeyReg1  0x20000014       0x14 ./Core/Src/button.o
                0x20000014                KeyReg1
 .data.KeyReg2  0x20000028       0x14 ./Core/Src/button.o
                0x20000028                KeyReg2
 .data.KeyReg3  0x2000003c       0x14 ./Core/Src/button.o
                0x2000003c                KeyReg3
 .data.TimeOutForKeyPress
                0x20000050       0x14 ./Core/Src/button.o
                0x20000050                TimeOutForKeyPress
 .data.time_red
                0x20000064        0x4 ./Core/Src/global.o
                0x20000064                time_red
 .data.time_yellow
                0x20000068        0x4 ./Core/Src/global.o
                0x20000068                time_yellow
 .data.time_green
                0x2000006c        0x4 ./Core/Src/global.o
                0x2000006c                time_green
 .data.SystemCoreClock
                0x20000070        0x4 ./Core/Src/system_stm32f1xx.o
                0x20000070                SystemCoreClock
 .data.uwTickPrio
                0x20000074        0x4 ./Drivers/STM32F1xx_HAL_Driver/Src/stm32f1xx_hal.o
                0x20000074                uwTickPrio
 .data.uwTickFreq
                0x20000078        0x1 ./Drivers/STM32F1xx_HAL_Driver/Src/stm32f1xx_hal.o
                0x20000078                uwTickFreq
 *(.RamFunc)
 *(.RamFunc*)
                0x2000007c                        . = ALIGN (0x4)
 *fill*         0x20000079        0x3 
                0x2000007c                        _edata = .

.igot.plt       0x2000007c        0x0 load address 0x08002c74
 .igot.plt      0x2000007c        0x0 E:/ST/STM32CubeIDE_1.16.0/STM32CubeIDE/plugins/com.st.stm32cube.ide.mcu.externaltools.gnu-tools-for-stm32.12.3.rel1.win32_1.0.200.202406191623/tools/bin/../lib/gcc/arm-none-eabi/12.3.1/thumb/v7-m/nofp/crtbegin.o
                0x2000007c                        . = ALIGN (0x4)

.bss            0x2000007c      0x42c load address 0x08002c74
                0x2000007c                        _sbss = .
                0x2000007c                        __bss_start__ = _sbss
 *(.bss)
 .bss           0x2000007c       0x1c E:/ST/STM32CubeIDE_1.16.0/STM32CubeIDE/plugins/com.st.stm32cube.ide.mcu.externaltools.gnu-tools-for-stm32.12.3.rel1.win32_1.0.200.202406191623/tools/bin/../lib/gcc/arm-none-eabi/12.3.1/thumb/v7-m/nofp/crtbegin.o
 *(.bss*)
 .bss.button_pressed
                0x20000098       0x14 ./Core/Src/button.o
                0x20000098                button_pressed
 .bss.button_long_pressed
                0x200000ac       0x14 ./Core/Src/button.o
                0x200000ac                button_long_pressed
 .bss.tmp_red   0x200000c0        0x4 ./Core/Src/fsm_setting.o
                0x200000c0                tmp_red
 .bss.tmp_yellow
                0x200000c4        0x4 ./Core/Src/fsm_setting.o
                0x200000c4                tmp_yellow
 .bss.tmp_green
                0x200000c8        0x4 ./Core/Src/fsm_setting.o
                0x200000c8                tmp_green
 .bss.status1   0x200000cc        0x4 ./Core/Src/global.o
                0x200000cc                status1
 .bss.status2   0x200000d0        0x4 ./Core/Src/global.o
                0x200000d0                status2
 .bss.count1    0x200000d4        0x4 ./Core/Src/global.o
                0x200000d4                count1
 .bss.count2    0x200000d8        0x4 ./Core/Src/global.o
                0x200000d8                count2
 .bss.count3    0x200000dc        0x4 ./Core/Src/global.o
                0x200000dc                count3
 .bss.hi2c1     0x200000e0       0x54 ./Core/Src/main.o
                0x200000e0                hi2c1
 .bss.htim2     0x20000134       0x48 ./Core/Src/main.o
                0x20000134                htim2
 .bss.SCH_tasks_G
                0x2000017c      0x320 ./Core/Src/scheduler.o
 .bss.Error_code_G
                0x2000049c        0x1 ./Core/Src/scheduler.o
                0x2000049c                Error_code_G
 .bss.Error_port
                0x2000049d        0x1 ./Core/Src/scheduler.o
                0x2000049d                Error_port
 .bss.Last_error_code_G
                0x2000049e        0x1 ./Core/Src/scheduler.o
                0x2000049e                Last_error_code_G
 *fill*         0x2000049f        0x1 
 .bss.Error_tick_count_G
                0x200004a0        0x4 ./Core/Src/scheduler.o
                0x200004a0                Error_tick_count_G
 .bss.uwTick    0x200004a4        0x4 ./Drivers/STM32F1xx_HAL_Driver/Src/stm32f1xx_hal.o
                0x200004a4                uwTick
 *(COMMON)
                0x200004a8                        . = ALIGN (0x4)
                0x200004a8                        _ebss = .
                0x200004a8                        __bss_end__ = _ebss

._user_heap_stack
                0x200004a8      0x600 load address 0x08002c74
                0x200004a8                        . = ALIGN (0x8)
                [!provide]                        PROVIDE (end = .)
                0x200004a8                        PROVIDE (_end = .)
                0x200006a8                        . = (. + _Min_Heap_Size)
 *fill*         0x200004a8      0x200 
                0x20000aa8                        . = (. + _Min_Stack_Size)
 *fill*         0x200006a8      0x400 
                0x20000aa8                        . = ALIGN (0x8)

/DISCARD/
 libc.a(*)
 libm.a(*)
 libgcc.a(*)

.ARM.attributes
                0x00000000       0x29
 *(.ARM.attributes)
 .ARM.attributes
                0x00000000       0x1d E:/ST/STM32CubeIDE_1.16.0/STM32CubeIDE/plugins/com.st.stm32cube.ide.mcu.externaltools.gnu-tools-for-stm32.12.3.rel1.win32_1.0.200.202406191623/tools/bin/../lib/gcc/arm-none-eabi/12.3.1/thumb/v7-m/nofp/crti.o
 .ARM.attributes
                0x0000001d       0x2d E:/ST/STM32CubeIDE_1.16.0/STM32CubeIDE/plugins/com.st.stm32cube.ide.mcu.externaltools.gnu-tools-for-stm32.12.3.rel1.win32_1.0.200.202406191623/tools/bin/../lib/gcc/arm-none-eabi/12.3.1/thumb/v7-m/nofp/crtbegin.o
 .ARM.attributes
                0x0000004a       0x2d ./Core/Src/button.o
 .ARM.attributes
                0x00000077       0x2d ./Core/Src/fsm_automatic.o
 .ARM.attributes
                0x000000a4       0x2d ./Core/Src/fsm_manual.o
 .ARM.attributes
                0x000000d1       0x2d ./Core/Src/fsm_setting.o
 .ARM.attributes
                0x000000fe       0x2d ./Core/Src/global.o
 .ARM.attributes
                0x0000012b       0x2d ./Core/Src/main.o
 .ARM.attributes
                0x00000158       0x2d ./Core/Src/scheduler.o
 .ARM.attributes
                0x00000185       0x2d ./Core/Src/stm32f1xx_hal_msp.o
 .ARM.attributes
                0x000001b2       0x2d ./Core/Src/stm32f1xx_it.o
 .ARM.attributes
                0x000001df       0x2d ./Core/Src/system_stm32f1xx.o
 .ARM.attributes
                0x0000020c       0x21 ./Core/Startup/startup_stm32f103c6ux.o
 .ARM.attributes
                0x0000022d       0x2d ./Drivers/STM32F1xx_HAL_Driver/Src/stm32f1xx_hal.o
 .ARM.attributes
                0x0000025a       0x2d ./Drivers/STM32F1xx_HAL_Driver/Src/stm32f1xx_hal_cortex.o
 .ARM.attributes
                0x00000287       0x2d ./Drivers/STM32F1xx_HAL_Driver/Src/stm32f1xx_hal_gpio.o
 .ARM.attributes
                0x000002b4       0x2d ./Drivers/STM32F1xx_HAL_Driver/Src/stm32f1xx_hal_i2c.o
 .ARM.attributes
                0x000002e1       0x2d ./Drivers/STM32F1xx_HAL_Driver/Src/stm32f1xx_hal_rcc.o
 .ARM.attributes
                0x0000030e       0x2d ./Drivers/STM32F1xx_HAL_Driver/Src/stm32f1xx_hal_tim.o
 .ARM.attributes
                0x0000033b       0x2d ./Drivers/STM32F1xx_HAL_Driver/Src/stm32f1xx_hal_tim_ex.o
 .ARM.attributes
                0x00000368       0x2d E:/ST/STM32CubeIDE_1.16.0/STM32CubeIDE/plugins/com.st.stm32cube.ide.mcu.externaltools.gnu-tools-for-stm32.12.3.rel1.win32_1.0.200.202406191623/tools/bin/../lib/gcc/arm-none-eabi/12.3.1/../../../../arm-none-eabi/lib/thumb/v7-m/nofp\libc_nano.a(libc_a-memset.o)
 .ARM.attributes
                0x00000395       0x2d E:/ST/STM32CubeIDE_1.16.0/STM32CubeIDE/plugins/com.st.stm32cube.ide.mcu.externaltools.gnu-tools-for-stm32.12.3.rel1.win32_1.0.200.202406191623/tools/bin/../lib/gcc/arm-none-eabi/12.3.1/../../../../arm-none-eabi/lib/thumb/v7-m/nofp\libc_nano.a(libc_a-init.o)
 .ARM.attributes
                0x000003c2       0x1d E:/ST/STM32CubeIDE_1.16.0/STM32CubeIDE/plugins/com.st.stm32cube.ide.mcu.externaltools.gnu-tools-for-stm32.12.3.rel1.win32_1.0.200.202406191623/tools/bin/../lib/gcc/arm-none-eabi/12.3.1/thumb/v7-m/nofp/crtn.o
OUTPUT(VLX_Project.elf elf32-littlearm)
LOAD linker stubs
LOAD E:/ST/STM32CubeIDE_1.16.0/STM32CubeIDE/plugins/com.st.stm32cube.ide.mcu.externaltools.gnu-tools-for-stm32.12.3.rel1.win32_1.0.200.202406191623/tools/bin/../lib/gcc/arm-none-eabi/12.3.1/../../../../arm-none-eabi/lib/thumb/v7-m/nofp\libc.a
LOAD E:/ST/STM32CubeIDE_1.16.0/STM32CubeIDE/plugins/com.st.stm32cube.ide.mcu.externaltools.gnu-tools-for-stm32.12.3.rel1.win32_1.0.200.202406191623/tools/bin/../lib/gcc/arm-none-eabi/12.3.1/../../../../arm-none-eabi/lib/thumb/v7-m/nofp\libm.a
LOAD E:/ST/STM32CubeIDE_1.16.0/STM32CubeIDE/plugins/com.st.stm32cube.ide.mcu.externaltools.gnu-tools-for-stm32.12.3.rel1.win32_1.0.200.202406191623/tools/bin/../lib/gcc/arm-none-eabi/12.3.1/thumb/v7-m/nofp\libgcc.a

.debug_info     0x00000000     0xb5ff
 .debug_info    0x00000000      0x2cc ./Core/Src/button.o
 .debug_info    0x000002cc      0x204 ./Core/Src/fsm_automatic.o
 .debug_info    0x000004d0      0x140 ./Core/Src/fsm_manual.o
 .debug_info    0x00000610      0x208 ./Core/Src/fsm_setting.o
 .debug_info    0x00000818      0x421 ./Core/Src/global.o
 .debug_info    0x00000c39      0xed9 ./Core/Src/main.o
 .debug_info    0x00001b12      0x298 ./Core/Src/scheduler.o
 .debug_info    0x00001daa      0xd7b ./Core/Src/stm32f1xx_hal_msp.o
 .debug_info    0x00002b25      0x6a1 ./Core/Src/stm32f1xx_it.o
 .debug_info    0x000031c6      0x222 ./Core/Src/system_stm32f1xx.o
 .debug_info    0x000033e8       0x30 ./Core/Startup/startup_stm32f103c6ux.o
 .debug_info    0x00003418      0x6e6 ./Drivers/STM32F1xx_HAL_Driver/Src/stm32f1xx_hal.o
 .debug_info    0x00003afe      0xa69 ./Drivers/STM32F1xx_HAL_Driver/Src/stm32f1xx_hal_cortex.o
 .debug_info    0x00004567      0x5ab ./Drivers/STM32F1xx_HAL_Driver/Src/stm32f1xx_hal_gpio.o
 .debug_info    0x00004b12     0x2524 ./Drivers/STM32F1xx_HAL_Driver/Src/stm32f1xx_hal_i2c.o
 .debug_info    0x00007036      0x7d5 ./Drivers/STM32F1xx_HAL_Driver/Src/stm32f1xx_hal_rcc.o
 .debug_info    0x0000780b     0x2959 ./Drivers/STM32F1xx_HAL_Driver/Src/stm32f1xx_hal_tim.o
 .debug_info    0x0000a164     0x149b ./Drivers/STM32F1xx_HAL_Driver/Src/stm32f1xx_hal_tim_ex.o

.debug_abbrev   0x00000000     0x2057
 .debug_abbrev  0x00000000      0x1bf ./Core/Src/button.o
 .debug_abbrev  0x000001bf      0x108 ./Core/Src/fsm_automatic.o
 .debug_abbrev  0x000002c7       0x92 ./Core/Src/fsm_manual.o
 .debug_abbrev  0x00000359      0x11f ./Core/Src/fsm_setting.o
 .debug_abbrev  0x00000478      0x198 ./Core/Src/global.o
 .debug_abbrev  0x00000610      0x2fb ./Core/Src/main.o
 .debug_abbrev  0x0000090b      0x171 ./Core/Src/scheduler.o
 .debug_abbrev  0x00000a7c      0x1d5 ./Core/Src/stm32f1xx_hal_msp.o
 .debug_abbrev  0x00000c51      0x191 ./Core/Src/stm32f1xx_it.o
 .debug_abbrev  0x00000de2      0x13f ./Core/Src/system_stm32f1xx.o
 .debug_abbrev  0x00000f21       0x24 ./Core/Startup/startup_stm32f103c6ux.o
 .debug_abbrev  0x00000f45      0x201 ./Drivers/STM32F1xx_HAL_Driver/Src/stm32f1xx_hal.o
 .debug_abbrev  0x00001146      0x2f8 ./Drivers/STM32F1xx_HAL_Driver/Src/stm32f1xx_hal_cortex.o
 .debug_abbrev  0x0000143e      0x1ca ./Drivers/STM32F1xx_HAL_Driver/Src/stm32f1xx_hal_gpio.o
 .debug_abbrev  0x00001608      0x2a3 ./Drivers/STM32F1xx_HAL_Driver/Src/stm32f1xx_hal_i2c.o
 .debug_abbrev  0x000018ab      0x2b3 ./Drivers/STM32F1xx_HAL_Driver/Src/stm32f1xx_hal_rcc.o
 .debug_abbrev  0x00001b5e      0x277 ./Drivers/STM32F1xx_HAL_Driver/Src/stm32f1xx_hal_tim.o
 .debug_abbrev  0x00001dd5      0x282 ./Drivers/STM32F1xx_HAL_Driver/Src/stm32f1xx_hal_tim_ex.o

.debug_aranges  0x00000000      0xd48
 .debug_aranges
                0x00000000       0x38 ./Core/Src/button.o
 .debug_aranges
                0x00000038       0x20 ./Core/Src/fsm_automatic.o
 .debug_aranges
                0x00000058       0x20 ./Core/Src/fsm_manual.o
 .debug_aranges
                0x00000078       0x20 ./Core/Src/fsm_setting.o
 .debug_aranges
                0x00000098       0x70 ./Core/Src/global.o
 .debug_aranges
                0x00000108       0x50 ./Core/Src/main.o
 .debug_aranges
                0x00000158       0x50 ./Core/Src/scheduler.o
 .debug_aranges
                0x000001a8       0x40 ./Core/Src/stm32f1xx_hal_msp.o
 .debug_aranges
                0x000001e8       0x68 ./Core/Src/stm32f1xx_it.o
 .debug_aranges
                0x00000250       0x28 ./Core/Src/system_stm32f1xx.o
 .debug_aranges
                0x00000278       0x28 ./Core/Startup/startup_stm32f103c6ux.o
 .debug_aranges
                0x000002a0       0xe0 ./Drivers/STM32F1xx_HAL_Driver/Src/stm32f1xx_hal.o
 .debug_aranges
                0x00000380      0x100 ./Drivers/STM32F1xx_HAL_Driver/Src/stm32f1xx_hal_cortex.o
 .debug_aranges
                0x00000480       0x58 ./Drivers/STM32F1xx_HAL_Driver/Src/stm32f1xx_hal_gpio.o
 .debug_aranges
                0x000004d8      0x2a8 ./Drivers/STM32F1xx_HAL_Driver/Src/stm32f1xx_hal_i2c.o
 .debug_aranges
                0x00000780       0x90 ./Drivers/STM32F1xx_HAL_Driver/Src/stm32f1xx_hal_rcc.o
 .debug_aranges
                0x00000810      0x3d0 ./Drivers/STM32F1xx_HAL_Driver/Src/stm32f1xx_hal_tim.o
 .debug_aranges
                0x00000be0      0x168 ./Drivers/STM32F1xx_HAL_Driver/Src/stm32f1xx_hal_tim_ex.o

.debug_rnglists
                0x00000000      0xa53
 .debug_rnglists
                0x00000000       0x26 ./Core/Src/button.o
 .debug_rnglists
                0x00000026       0x14 ./Core/Src/fsm_automatic.o
 .debug_rnglists
                0x0000003a       0x14 ./Core/Src/fsm_manual.o
 .debug_rnglists
                0x0000004e       0x14 ./Core/Src/fsm_setting.o
 .debug_rnglists
                0x00000062       0x50 ./Core/Src/global.o
 .debug_rnglists
                0x000000b2       0x3a ./Core/Src/main.o
 .debug_rnglists
                0x000000ec       0x3b ./Core/Src/scheduler.o
 .debug_rnglists
                0x00000127       0x2c ./Core/Src/stm32f1xx_hal_msp.o
 .debug_rnglists
                0x00000153       0x49 ./Core/Src/stm32f1xx_it.o
 .debug_rnglists
                0x0000019c       0x1a ./Core/Src/system_stm32f1xx.o
 .debug_rnglists
                0x000001b6       0x19 ./Core/Startup/startup_stm32f103c6ux.o
 .debug_rnglists
                0x000001cf       0xa3 ./Drivers/STM32F1xx_HAL_Driver/Src/stm32f1xx_hal.o
 .debug_rnglists
                0x00000272       0xbb ./Drivers/STM32F1xx_HAL_Driver/Src/stm32f1xx_hal_cortex.o
 .debug_rnglists
                0x0000032d       0x3f ./Drivers/STM32F1xx_HAL_Driver/Src/stm32f1xx_hal_gpio.o
 .debug_rnglists
                0x0000036c      0x23c ./Drivers/STM32F1xx_HAL_Driver/Src/stm32f1xx_hal_i2c.o
 .debug_rnglists
                0x000005a8       0x6c ./Drivers/STM32F1xx_HAL_Driver/Src/stm32f1xx_hal_rcc.o
 .debug_rnglists
                0x00000614      0x31a ./Drivers/STM32F1xx_HAL_Driver/Src/stm32f1xx_hal_tim.o
 .debug_rnglists
                0x0000092e      0x125 ./Drivers/STM32F1xx_HAL_Driver/Src/stm32f1xx_hal_tim_ex.o

.debug_macro    0x00000000     0x2055
 .debug_macro   0x00000000      0x1ba ./Core/Src/button.o
 .debug_macro   0x000001ba       0x1c ./Core/Src/button.o
 .debug_macro   0x000001d6      0x1f2 ./Core/Src/fsm_automatic.o
 .debug_macro   0x000003c8       0x22 ./Core/Src/fsm_automatic.o
 .debug_macro   0x000003ea       0x64 ./Core/Src/fsm_automatic.o
 .debug_macro   0x0000044e       0xc4 ./Core/Src/fsm_automatic.o
 .debug_macro   0x00000512      0x1f2 ./Core/Src/fsm_manual.o
 .debug_macro   0x00000704      0x1f2 ./Core/Src/fsm_setting.o
 .debug_macro   0x000008f6      0x1ee ./Core/Src/global.o
 .debug_macro   0x00000ae4      0x201 ./Core/Src/main.o
 .debug_macro   0x00000ce5      0x1ba ./Core/Src/scheduler.o
 .debug_macro   0x00000e9f       0x5e ./Core/Src/scheduler.o
 .debug_macro   0x00000efd      0x1ab ./Core/Src/stm32f1xx_hal_msp.o
 .debug_macro   0x000010a8      0x1b5 ./Core/Src/stm32f1xx_it.o
 .debug_macro   0x0000125d      0x1a1 ./Core/Src/system_stm32f1xx.o
 .debug_macro   0x000013fe      0x1c5 ./Drivers/STM32F1xx_HAL_Driver/Src/stm32f1xx_hal.o
 .debug_macro   0x000015c3      0x1a1 ./Drivers/STM32F1xx_HAL_Driver/Src/stm32f1xx_hal_cortex.o
 .debug_macro   0x00001764      0x20c ./Drivers/STM32F1xx_HAL_Driver/Src/stm32f1xx_hal_gpio.o
 .debug_macro   0x00001970      0x1ef ./Drivers/STM32F1xx_HAL_Driver/Src/stm32f1xx_hal_i2c.o
 .debug_macro   0x00001b5f      0x1b3 ./Drivers/STM32F1xx_HAL_Driver/Src/stm32f1xx_hal_rcc.o
 .debug_macro   0x00001d12      0x1a2 ./Drivers/STM32F1xx_HAL_Driver/Src/stm32f1xx_hal_tim.o
 .debug_macro   0x00001eb4      0x1a1 ./Drivers/STM32F1xx_HAL_Driver/Src/stm32f1xx_hal_tim_ex.o

.debug_line     0x00000000    0x108c0
 .debug_line    0x00000000      0x7dc ./Core/Src/button.o
 .debug_line    0x000007dc      0x829 ./Core/Src/fsm_automatic.o
 .debug_line    0x00001005      0x83d ./Core/Src/fsm_manual.o
 .debug_line    0x00001842      0x871 ./Core/Src/fsm_setting.o
 .debug_line    0x000020b3      0x878 ./Core/Src/global.o
 .debug_line    0x0000292b      0x8b7 ./Core/Src/main.o
 .debug_line    0x000031e2      0x8a0 ./Core/Src/scheduler.o
 .debug_line    0x00003a82      0x78c ./Core/Src/stm32f1xx_hal_msp.o
 .debug_line    0x0000420e      0x7de ./Core/Src/stm32f1xx_it.o
 .debug_line    0x000049ec      0x782 ./Core/Src/system_stm32f1xx.o
 .debug_line    0x0000516e       0x78 ./Core/Startup/startup_stm32f103c6ux.o
 .debug_line    0x000051e6      0x9af ./Drivers/STM32F1xx_HAL_Driver/Src/stm32f1xx_hal.o
 .debug_line    0x00005b95      0xb9b ./Drivers/STM32F1xx_HAL_Driver/Src/stm32f1xx_hal_cortex.o
 .debug_line    0x00006730      0xa33 ./Drivers/STM32F1xx_HAL_Driver/Src/stm32f1xx_hal_gpio.o
 .debug_line    0x00007163     0x3c4c ./Drivers/STM32F1xx_HAL_Driver/Src/stm32f1xx_hal_i2c.o
 .debug_line    0x0000adaf      0xdb8 ./Drivers/STM32F1xx_HAL_Driver/Src/stm32f1xx_hal_rcc.o
 .debug_line    0x0000bb67     0x348b ./Drivers/STM32F1xx_HAL_Driver/Src/stm32f1xx_hal_tim.o
 .debug_line    0x0000eff2     0x18ce ./Drivers/STM32F1xx_HAL_Driver/Src/stm32f1xx_hal_tim_ex.o

.debug_str      0x00000000    0x84ca1
 .debug_str     0x00000000    0x80dc2 ./Core/Src/button.o
                              0x810ef (size before relaxing)
 .debug_str     0x00080dc2      0x4d4 ./Core/Src/fsm_automatic.o
                              0x814c9 (size before relaxing)
 .debug_str     0x00081296       0x24 ./Core/Src/fsm_manual.o
                              0x81469 (size before relaxing)
 .debug_str     0x000812ba       0x4a ./Core/Src/fsm_setting.o
                              0x814b3 (size before relaxing)
 .debug_str     0x00081304       0xbc ./Core/Src/global.o
                              0x815b8 (size before relaxing)
 .debug_str     0x000813c0      0xa03 ./Core/Src/main.o
                              0x81fb3 (size before relaxing)
 .debug_str     0x00081dc3       0xe6 ./Core/Src/scheduler.o
                              0x81234 (size before relaxing)
 .debug_str     0x00081ea9      0x337 ./Core/Src/stm32f1xx_hal_msp.o
                              0x81aef (size before relaxing)
 .debug_str     0x000821e0       0xec ./Core/Src/stm32f1xx_it.o
                              0x814fd (size before relaxing)
 .debug_str     0x000822cc       0x7e ./Core/Src/system_stm32f1xx.o
                              0x81022 (size before relaxing)
 .debug_str     0x0008234a       0x44 ./Core/Startup/startup_stm32f103c6ux.o
                                 0x72 (size before relaxing)
 .debug_str     0x0008238e      0x38e ./Drivers/STM32F1xx_HAL_Driver/Src/stm32f1xx_hal.o
                              0x8171b (size before relaxing)
 .debug_str     0x0008271c      0x294 ./Drivers/STM32F1xx_HAL_Driver/Src/stm32f1xx_hal_cortex.o
                              0x81667 (size before relaxing)
 .debug_str     0x000829b0      0x2c2 ./Drivers/STM32F1xx_HAL_Driver/Src/stm32f1xx_hal_gpio.o
                              0x813a8 (size before relaxing)
 .debug_str     0x00082c72      0xbdb ./Drivers/STM32F1xx_HAL_Driver/Src/stm32f1xx_hal_i2c.o
                              0x820e9 (size before relaxing)
 .debug_str     0x0008384d      0x209 ./Drivers/STM32F1xx_HAL_Driver/Src/stm32f1xx_hal_rcc.o
                              0x81451 (size before relaxing)
 .debug_str     0x00083a56      0xdb8 ./Drivers/STM32F1xx_HAL_Driver/Src/stm32f1xx_hal_tim.o
                              0x82453 (size before relaxing)
 .debug_str     0x0008480e      0x493 ./Drivers/STM32F1xx_HAL_Driver/Src/stm32f1xx_hal_tim_ex.o
                              0x81c5f (size before relaxing)

.comment        0x00000000       0x43
 .comment       0x00000000       0x43 ./Core/Src/button.o
                                 0x44 (size before relaxing)
 .comment       0x00000043       0x44 ./Core/Src/fsm_automatic.o
 .comment       0x00000043       0x44 ./Core/Src/fsm_manual.o
 .comment       0x00000043       0x44 ./Core/Src/fsm_setting.o
 .comment       0x00000043       0x44 ./Core/Src/global.o
 .comment       0x00000043       0x44 ./Core/Src/main.o
 .comment       0x00000043       0x44 ./Core/Src/scheduler.o
 .comment       0x00000043       0x44 ./Core/Src/stm32f1xx_hal_msp.o
 .comment       0x00000043       0x44 ./Core/Src/stm32f1xx_it.o
 .comment       0x00000043       0x44 ./Core/Src/system_stm32f1xx.o
 .comment       0x00000043       0x44 ./Drivers/STM32F1xx_HAL_Driver/Src/stm32f1xx_hal.o
 .comment       0x00000043       0x44 ./Drivers/STM32F1xx_HAL_Driver/Src/stm32f1xx_hal_cortex.o
 .comment       0x00000043       0x44 ./Drivers/STM32F1xx_HAL_Driver/Src/stm32f1xx_hal_gpio.o
 .comment       0x00000043       0x44 ./Drivers/STM32F1xx_HAL_Driver/Src/stm32f1xx_hal_i2c.o
 .comment       0x00000043       0x44 ./Drivers/STM32F1xx_HAL_Driver/Src/stm32f1xx_hal_rcc.o
 .comment       0x00000043       0x44 ./Drivers/STM32F1xx_HAL_Driver/Src/stm32f1xx_hal_tim.o
 .comment       0x00000043       0x44 ./Drivers/STM32F1xx_HAL_Driver/Src/stm32f1xx_hal_tim_ex.o

.debug_frame    0x00000000     0x3638
 .debug_frame   0x00000000       0xac ./Core/Src/button.o
 .debug_frame   0x000000ac       0x2c ./Core/Src/fsm_automatic.o
 .debug_frame   0x000000d8       0x2c ./Core/Src/fsm_manual.o
 .debug_frame   0x00000104       0x2c ./Core/Src/fsm_setting.o
 .debug_frame   0x00000130      0x14c ./Core/Src/global.o
 .debug_frame   0x0000027c       0xf0 ./Core/Src/main.o
 .debug_frame   0x0000036c      0x110 ./Core/Src/scheduler.o
 .debug_frame   0x0000047c       0xc8 ./Core/Src/stm32f1xx_hal_msp.o
 .debug_frame   0x00000544      0x120 ./Core/Src/stm32f1xx_it.o
 .debug_frame   0x00000664       0x58 ./Core/Src/system_stm32f1xx.o
 .debug_frame   0x000006bc      0x334 ./Drivers/STM32F1xx_HAL_Driver/Src/stm32f1xx_hal.o
 .debug_frame   0x000009f0      0x428 ./Drivers/STM32F1xx_HAL_Driver/Src/stm32f1xx_hal_cortex.o
 .debug_frame   0x00000e18      0x14c ./Drivers/STM32F1xx_HAL_Driver/Src/stm32f1xx_hal_gpio.o
 .debug_frame   0x00000f64      0xc84 ./Drivers/STM32F1xx_HAL_Driver/Src/stm32f1xx_hal_i2c.o
 .debug_frame   0x00001be8      0x218 ./Drivers/STM32F1xx_HAL_Driver/Src/stm32f1xx_hal_rcc.o
 .debug_frame   0x00001e00     0x11b4 ./Drivers/STM32F1xx_HAL_Driver/Src/stm32f1xx_hal_tim.o
 .debug_frame   0x00002fb4      0x638 ./Drivers/STM32F1xx_HAL_Driver/Src/stm32f1xx_hal_tim_ex.o
 .debug_frame   0x000035ec       0x20 E:/ST/STM32CubeIDE_1.16.0/STM32CubeIDE/plugins/com.st.stm32cube.ide.mcu.externaltools.gnu-tools-for-stm32.12.3.rel1.win32_1.0.200.202406191623/tools/bin/../lib/gcc/arm-none-eabi/12.3.1/../../../../arm-none-eabi/lib/thumb/v7-m/nofp\libc_nano.a(libc_a-memset.o)
 .debug_frame   0x0000360c       0x2c E:/ST/STM32CubeIDE_1.16.0/STM32CubeIDE/plugins/com.st.stm32cube.ide.mcu.externaltools.gnu-tools-for-stm32.12.3.rel1.win32_1.0.200.202406191623/tools/bin/../lib/gcc/arm-none-eabi/12.3.1/../../../../arm-none-eabi/lib/thumb/v7-m/nofp\libc_nano.a(libc_a-init.o)

.debug_line_str
                0x00000000       0x56
 .debug_line_str
                0x00000000       0x56 ./Core/Startup/startup_stm32f103c6ux.o
