Archive member included to satisfy reference by file (symbol)

E:/ST/STM32CubeIDE_1.16.0/STM32CubeIDE/plugins/com.st.stm32cube.ide.mcu.externaltools.gnu-tools-for-stm32.12.3.rel1.win32_1.0.200.202406191623/tools/bin/../lib/gcc/arm-none-eabi/12.3.1/../../../../arm-none-eabi/lib/thumb/v7-m/nofp\libc_nano.a(libc_a-exit.o)
                              E:/ST/STM32CubeIDE_1.16.0/STM32CubeIDE/plugins/com.st.stm32cube.ide.mcu.externaltools.gnu-tools-for-stm32.12.3.rel1.win32_1.0.200.202406191623/tools/bin/../lib/gcc/arm-none-eabi/12.3.1/../../../../arm-none-eabi/lib/thumb/v7-m/nofp/crt0.o (exit)
E:/ST/STM32CubeIDE_1.16.0/STM32CubeIDE/plugins/com.st.stm32cube.ide.mcu.externaltools.gnu-tools-for-stm32.12.3.rel1.win32_1.0.200.202406191623/tools/bin/../lib/gcc/arm-none-eabi/12.3.1/../../../../arm-none-eabi/lib/thumb/v7-m/nofp\libc_nano.a(libc_a-findfp.o)
                              E:/ST/STM32CubeIDE_1.16.0/STM32CubeIDE/plugins/com.st.stm32cube.ide.mcu.externaltools.gnu-tools-for-stm32.12.3.rel1.win32_1.0.200.202406191623/tools/bin/../lib/gcc/arm-none-eabi/12.3.1/../../../../arm-none-eabi/lib/thumb/v7-m/nofp\libc_nano.a(libc_a-exit.o) (__stdio_exit_handler)
E:/ST/STM32CubeIDE_1.16.0/STM32CubeIDE/plugins/com.st.stm32cube.ide.mcu.externaltools.gnu-tools-for-stm32.12.3.rel1.win32_1.0.200.202406191623/tools/bin/../lib/gcc/arm-none-eabi/12.3.1/../../../../arm-none-eabi/lib/thumb/v7-m/nofp\libc_nano.a(libc_a-fwalk.o)
                              E:/ST/STM32CubeIDE_1.16.0/STM32CubeIDE/plugins/com.st.stm32cube.ide.mcu.externaltools.gnu-tools-for-stm32.12.3.rel1.win32_1.0.200.202406191623/tools/bin/../lib/gcc/arm-none-eabi/12.3.1/../../../../arm-none-eabi/lib/thumb/v7-m/nofp\libc_nano.a(libc_a-findfp.o) (_fwalk_sglue)
E:/ST/STM32CubeIDE_1.16.0/STM32CubeIDE/plugins/com.st.stm32cube.ide.mcu.externaltools.gnu-tools-for-stm32.12.3.rel1.win32_1.0.200.202406191623/tools/bin/../lib/gcc/arm-none-eabi/12.3.1/../../../../arm-none-eabi/lib/thumb/v7-m/nofp\libc_nano.a(libc_a-stdio.o)
                              E:/ST/STM32CubeIDE_1.16.0/STM32CubeIDE/plugins/com.st.stm32cube.ide.mcu.externaltools.gnu-tools-for-stm32.12.3.rel1.win32_1.0.200.202406191623/tools/bin/../lib/gcc/arm-none-eabi/12.3.1/../../../../arm-none-eabi/lib/thumb/v7-m/nofp\libc_nano.a(libc_a-findfp.o) (__sread)
E:/ST/STM32CubeIDE_1.16.0/STM32CubeIDE/plugins/com.st.stm32cube.ide.mcu.externaltools.gnu-tools-for-stm32.12.3.rel1.win32_1.0.200.202406191623/tools/bin/../lib/gcc/arm-none-eabi/12.3.1/../../../../arm-none-eabi/lib/thumb/v7-m/nofp\libc_nano.a(libc_a-memset.o)
                              E:/ST/STM32CubeIDE_1.16.0/STM32CubeIDE/plugins/com.st.stm32cube.ide.mcu.externaltools.gnu-tools-for-stm32.12.3.rel1.win32_1.0.200.202406191623/tools/bin/../lib/gcc/arm-none-eabi/12.3.1/../../../../arm-none-eabi/lib/thumb/v7-m/nofp/crt0.o (memset)
E:/ST/STM32CubeIDE_1.16.0/STM32CubeIDE/plugins/com.st.stm32cube.ide.mcu.externaltools.gnu-tools-for-stm32.12.3.rel1.win32_1.0.200.202406191623/tools/bin/../lib/gcc/arm-none-eabi/12.3.1/../../../../arm-none-eabi/lib/thumb/v7-m/nofp\libc_nano.a(libc_a-closer.o)
                              E:/ST/STM32CubeIDE_1.16.0/STM32CubeIDE/plugins/com.st.stm32cube.ide.mcu.externaltools.gnu-tools-for-stm32.12.3.rel1.win32_1.0.200.202406191623/tools/bin/../lib/gcc/arm-none-eabi/12.3.1/../../../../arm-none-eabi/lib/thumb/v7-m/nofp\libc_nano.a(libc_a-stdio.o) (_close_r)
E:/ST/STM32CubeIDE_1.16.0/STM32CubeIDE/plugins/com.st.stm32cube.ide.mcu.externaltools.gnu-tools-for-stm32.12.3.rel1.win32_1.0.200.202406191623/tools/bin/../lib/gcc/arm-none-eabi/12.3.1/../../../../arm-none-eabi/lib/thumb/v7-m/nofp\libc_nano.a(libc_a-reent.o)
                              E:/ST/STM32CubeIDE_1.16.0/STM32CubeIDE/plugins/com.st.stm32cube.ide.mcu.externaltools.gnu-tools-for-stm32.12.3.rel1.win32_1.0.200.202406191623/tools/bin/../lib/gcc/arm-none-eabi/12.3.1/../../../../arm-none-eabi/lib/thumb/v7-m/nofp\libc_nano.a(libc_a-closer.o) (errno)
E:/ST/STM32CubeIDE_1.16.0/STM32CubeIDE/plugins/com.st.stm32cube.ide.mcu.externaltools.gnu-tools-for-stm32.12.3.rel1.win32_1.0.200.202406191623/tools/bin/../lib/gcc/arm-none-eabi/12.3.1/../../../../arm-none-eabi/lib/thumb/v7-m/nofp\libc_nano.a(libc_a-impure.o)
                              E:/ST/STM32CubeIDE_1.16.0/STM32CubeIDE/plugins/com.st.stm32cube.ide.mcu.externaltools.gnu-tools-for-stm32.12.3.rel1.win32_1.0.200.202406191623/tools/bin/../lib/gcc/arm-none-eabi/12.3.1/../../../../arm-none-eabi/lib/thumb/v7-m/nofp\libc_nano.a(libc_a-reent.o) (_impure_ptr)
E:/ST/STM32CubeIDE_1.16.0/STM32CubeIDE/plugins/com.st.stm32cube.ide.mcu.externaltools.gnu-tools-for-stm32.12.3.rel1.win32_1.0.200.202406191623/tools/bin/../lib/gcc/arm-none-eabi/12.3.1/../../../../arm-none-eabi/lib/thumb/v7-m/nofp\libc_nano.a(libc_a-lseekr.o)
[...]
Memory Configuration

Name             Origin             Length             Attributes
RAM              0x20000000         0x00002800         xrw
FLASH            0x08000000         0x00008000         xr
*default*        0x00000000         0xffffffff

Linker script and memory map

LOAD E:/ST/STM32CubeIDE_1.16.0/STM32CubeIDE/plugins/com.st.stm32cube.ide.mcu.externaltools.gnu-tools-for-stm32.12.3.rel1.win32_1.0.200.202406191623/tools/bin/../lib/gcc/arm-none-eabi/12.3.1/thumb/v7-m/nofp/crti.o
LOAD E:/ST/STM32CubeIDE_1.16.0/STM32CubeIDE/plugins/com.st.stm32cube.ide.mcu.externaltools.gnu-tools-for-stm32.12.3.rel1.win32_1.0.200.202406191623/tools/bin/../lib/gcc/arm-none-eabi/12.3.1/thumb/v7-m/nofp/crtbegin.o
LOAD E:/ST/STM32CubeIDE_1.16.0/STM32CubeIDE/plugins/com.st.stm32cube.ide.mcu.externaltools.gnu-tools-for-stm32.12.3.rel1.win32_1.0.200.202406191623/tools/bin/../lib/gcc/arm-none-eabi/12.3.1/../../../../arm-none-eabi/lib/thumb/v7-m/nofp/crt0.o
LOAD ./Core/Src/I2C_LCD.o
LOAD ./Core/Src/I2C_LCD_cfg.o
LOAD ./Core/Src/Util.o
LOAD ./Core/Src/button.o
LOAD ./Core/Src/fsm_automatic.o
LOAD ./Core/Src/fsm_manual.o
LOAD ./Core/Src/fsm_setting.o
LOAD ./Core/Src/global.o
LOAD ./Core/Src/main.o
LOAD ./Core/Src/scheduler.o
LOAD ./Core/Src/stm32f1xx_hal_msp.o
LOAD ./Core/Src/stm32f1xx_it.o
LOAD ./Core/Src/syscalls.o
LOAD ./Core/Src/sysmem.o
LOAD ./Core/Src/system_stm32f1xx.o
LOAD ./Core/Startup/startup_stm32f103c6ux.o
LOAD ./Drivers/STM32F1xx_HAL_Driver/Src/stm32f1xx_hal.o
LOAD ./Drivers/STM32F1xx_HAL_Driver/Src/stm32f1xx_hal_cortex.o
LOAD ./Drivers/STM32F1xx_HAL_Driver/Src/stm32f1xx_hal_dma.o
LOAD ./Drivers/STM32F1xx_HAL_Driver/Src/stm32f1xx_hal_exti.o
LOAD ./Drivers/STM32F1xx_HAL_Driver/Src/stm32f1xx_hal_flash.o
LOAD ./Drivers/STM32F1xx_HAL_Driver/Src/stm32f1xx_hal_flash_ex.o
LOAD ./Drivers/STM32F1xx_HAL_Driver/Src/stm32f1xx_hal_gpio.o
LOAD ./Drivers/STM32F1xx_HAL_Driver/Src/stm32f1xx_hal_gpio_ex.o
LOAD ./Drivers/STM32F1xx_HAL_Driver/Src/stm32f1xx_hal_i2c.o
LOAD ./Drivers/STM32F1xx_HAL_Driver/Src/stm32f1xx_hal_pwr.o
LOAD ./Drivers/STM32F1xx_HAL_Driver/Src/stm32f1xx_hal_rcc.o
LOAD ./Drivers/STM32F1xx_HAL_Driver/Src/stm32f1xx_hal_rcc_ex.o
LOAD ./Drivers/STM32F1xx_HAL_Driver/Src/stm32f1xx_hal_tim.o
LOAD ./Drivers/STM32F1xx_HAL_Driver/Src/stm32f1xx_hal_tim_ex.o
START GROUP
LOAD E:/ST/STM32CubeIDE_1.16.0/STM32CubeIDE/plugins/com.st.stm32cube.ide.mcu.externaltools.gnu-tools-for-stm32.12.3.rel1.win32_1.0.200.202406191623/tools/bin/../lib/gcc/arm-none-eabi/12.3.1/../../../../arm-none-eabi/lib/thumb/v7-m/nofp\libc_nano.a
LOAD E:/ST/STM32CubeIDE_1.16.0/STM32CubeIDE/plugins/com.st.stm32cube.ide.mcu.externaltools.gnu-tools-for-stm32.12.3.rel1.win32_1.0.200.202406191623/tools/bin/../lib/gcc/arm-none-eabi/12.3.1/../../../../arm-none-eabi/lib/thumb/v7-m/nofp\libm.a
END GROUP
START GROUP
LOAD E:/ST/STM32CubeIDE_1.16.0/STM32CubeIDE/plugins/com.st.stm32cube.ide.mcu.externaltools.gnu-tools-for-stm32.12.3.rel1.win32_1.0.200.202406191623/tools/bin/../lib/gcc/arm-none-eabi/12.3.1/thumb/v7-m/nofp\libgcc.a
LOAD E:/ST/STM32CubeIDE_1.16.0/STM32CubeIDE/plugins/com.st.stm32cube.ide.mcu.externaltools.gnu-tools-for-stm32.12.3.rel1.win32_1.0.200.202406191623/tools/bin/../lib/gcc/arm-none-eabi/12.3.1/../../../../arm-none-eabi/lib/thumb/v7-m/nofp\libc_nano.a
END GROUP
START GROUP
LOAD E:/ST/STM32CubeIDE_1.16.0/STM32CubeIDE/plugins/com.st.stm32cube.ide.mcu.externaltools.gnu-tools-for-stm32.12.3.rel1.win32_1.0.200.202406191623/tools/bin/../lib/gcc/arm-none-eabi/12.3.1/thumb/v7-m/nofp\libgcc.a
LOAD E:/ST/STM32CubeIDE_1.16.0/STM32CubeIDE/plugins/com.st.stm32cube.ide.mcu.externaltools.gnu-tools-for-stm32.12.3.rel1.win32_1.0.200.202406191623/tools/bin/../lib/gcc/arm-none-eabi/12.3.1/../../../../arm-none-eabi/lib/thumb/v7-m/nofp\libc_nano.a
LOAD E:/ST/STM32CubeIDE_1.16.0/STM32CubeIDE/plugins/com.st.stm32cube.ide.mcu.externaltools.gnu-tools-for-stm32.12.3.rel1.win32_1.0.200.202406191623/tools/bin/../lib/gcc/arm-none-eabi/12.3.1/../../../../arm-none-eabi/lib/thumb/v7-m/nofp\libnosys.a
END GROUP
START GROUP
LOAD E:/ST/STM32CubeIDE_1.16.0/STM32CubeIDE/plugins/com.st.stm32cube.ide.mcu.externaltools.gnu-tools-for-stm32.12.3.rel1.win32_1.0.200.202406191623/tools/bin/../lib/gcc/arm-none-eabi/12.3.1/thumb/v7-m/nofp\libgcc.a
LOAD E:/ST/STM32CubeIDE_1.16.0/STM32CubeIDE/plugins/com.st.stm32cube.ide.mcu.externaltools.gnu-tools-for-stm32.12.3.rel1.win32_1.0.200.202406191623/tools/bin/../lib/gcc/arm-none-eabi/12.3.1/../../../../arm-none-eabi/lib/thumb/v7-m/nofp\libc_nano.a
LOAD E:/ST/STM32CubeIDE_1.16.0/STM32CubeIDE/plugins/com.st.stm32cube.ide.mcu.externaltools.gnu-tools-for-stm32.12.3.rel1.win32_1.0.200.202406191623/tools/bin/../lib/gcc/arm-none-eabi/12.3.1/../../../../arm-none-eabi/lib/thumb/v7-m/nofp\libnosys.a
END GROUP
LOAD E:/ST/STM32CubeIDE_1.16.0/STM32CubeIDE/plugins/com.st.stm32cube.ide.mcu.externaltools.gnu-tools-for-stm32.12.3.rel1.win32_1.0.200.202406191623/tools/bin/../lib/gcc/arm-none-eabi/12.3.1/thumb/v7-m/nofp/crtend.o
LOAD E:/ST/STM32CubeIDE_1.16.0/STM32CubeIDE/plugins/com.st.stm32cube.ide.mcu.externaltools.gnu-tools-for-stm32.12.3.rel1.win32_1.0.200.202406191623/tools/bin/../lib/gcc/arm-none-eabi/12.3.1/thumb/v7-m/nofp/crtn.o
                0x20002800                        _estack = (ORIGIN (RAM) + LENGTH (RAM))
                0x00000200                        _Min_Heap_Size = 0x200
                0x00000400                        _Min_Stack_Size = 0x400

.isr_vector     0x08000000      0x10c
                0x08000000                        . = ALIGN (0x4)
 *(.isr_vector)
 .isr_vector    0x08000000      0x10c ./Core/Startup/startup_stm32f103c6ux.o
                0x08000000                g_pfnVectors
                0x0800010c                        . = ALIGN (0x4)

.text           0x0800010c     0x2490
                0x0800010c                        . = ALIGN (0x4)
 *(.text)
 .text          0x0800010c       0x40 E:/ST/STM32CubeIDE_1.16.0/STM32CubeIDE/plugins/com.st.stm32cube.ide.mcu.externaltools.gnu-tools-for-stm32.12.3.rel1.win32_1.0.200.202406191623/tools/bin/../lib/gcc/arm-none-eabi/12.3.1/thumb/v7-m/nofp/crtbegin.o
 *(.text*)
 .text.run_automatic
                0x0800014c      0x1a0 ./Core/Src/fsm_automatic.o
                0x0800014c                run_automatic
 .text.ResetLight1
                0x080002ec       0x2c ./Core/Src/global.o
                0x080002ec                ResetLight1
 .text.ResetLight2
                0x08000318       0x2c ./Core/Src/global.o
                0x08000318                ResetLight2
 .text.RedLight1
                0x08000344       0x2c ./Core/Src/global.o
                0x08000344                RedLight1
 .text.YellowLight1
                0x08000370       0x2c ./Core/Src/global.o
                0x08000370                YellowLight1
 .text.GreenLight1
                0x0800039c       0x2c ./Core/Src/global.o
                0x0800039c                GreenLight1
 .text.RedLight2
                0x080003c8       0x2c ./Core/Src/global.o
                0x080003c8                RedLight2
 .text.YellowLight2
                0x080003f4       0x2c ./Core/Src/global.o
                0x080003f4                YellowLight2
 .text.GreenLight2
                0x08000420       0x2c ./Core/Src/global.o
                0x08000420                GreenLight2
 .text.BlinkLed
                0x0800044c       0x14 ./Core/Src/global.o
                0x0800044c                BlinkLed
 .text.Run_Traffic_Light
                0x08000460       0x5c ./Core/Src/global.o
                0x08000460                Run_Traffic_Light
 .text.main     0x080004bc       0x4c ./Core/Src/main.o
                0x080004bc                main
 .text.SystemClock_Config
                0x08000508       0x76 ./Core/Src/main.o
                0x08000508                SystemClock_Config
 *fill*         0x0800057e        0x2 
 .text.MX_I2C1_Init
                0x08000580       0x5c ./Core/Src/main.o
 .text.MX_TIM2_Init
                0x080005dc       0x98 ./Core/Src/main.o
 .text.MX_GPIO_Init
                0x08000674       0xb4 ./Core/Src/main.o
 .text.HAL_TIM_PeriodElapsedCallback
                0x08000728       0x14 ./Core/Src/main.o
                0x08000728                HAL_TIM_PeriodElapsedCallback
 .text.Error_Handler
                0x0800073c        0xc ./Core/Src/main.o
                0x0800073c                Error_Handler
 .text.SCH_Init
                0x08000748       0x34 ./Core/Src/scheduler.o
                0x08000748                SCH_Init
 .text.SCH_Update
                0x0800077c       0xe0 ./Core/Src/scheduler.o
                0x0800077c                SCH_Update
 .text.SCH_Add_Task
                0x0800085c       0xcc ./Core/Src/scheduler.o
                0x0800085c                SCH_Add_Task
 .text.SCH_Delete_Task
                0x08000928       0x90 ./Core/Src/scheduler.o
                0x08000928                SCH_Delete_Task
 .text.SCH_Dispatch_Task
                0x080009b8       0x98 ./Core/Src/scheduler.o
                0x080009b8                SCH_Dispatch_Task
 .text.SCH_Report_Status
                0x08000a50       0x78 ./Core/Src/scheduler.o
                0x08000a50                SCH_Report_Status
 .text.HAL_MspInit
                0x08000ac8       0x64 ./Core/Src/stm32f1xx_hal_msp.o
                0x08000ac8                HAL_MspInit
 .text.HAL_I2C_MspInit
                0x08000b2c       0x80 ./Core/Src/stm32f1xx_hal_msp.o
                0x08000b2c                HAL_I2C_MspInit
 .text.HAL_TIM_Base_MspInit
                0x08000bac       0x48 ./Core/Src/stm32f1xx_hal_msp.o
                0x08000bac                HAL_TIM_Base_MspInit
 .text.NMI_Handler
                0x08000bf4        0x8 ./Core/Src/stm32f1xx_it.o
                0x08000bf4                NMI_Handler
 .text.HardFault_Handler
                0x08000bfc        0x8 ./Core/Src/stm32f1xx_it.o
                0x08000bfc                HardFault_Handler
 .text.MemManage_Handler
                0x08000c04        0x8 ./Core/Src/stm32f1xx_it.o
                0x08000c04                MemManage_Handler
 .text.BusFault_Handler
                0x08000c0c        0x8 ./Core/Src/stm32f1xx_it.o
                0x08000c0c                BusFault_Handler
 .text.UsageFault_Handler
                0x08000c14        0x8 ./Core/Src/stm32f1xx_it.o
                0x08000c14                UsageFault_Handler
 .text.SVC_Handler
                0x08000c1c        0xc ./Core/Src/stm32f1xx_it.o
                0x08000c1c                SVC_Handler
 .text.DebugMon_Handler
                0x08000c28        0xc ./Core/Src/stm32f1xx_it.o
                0x08000c28                DebugMon_Handler
 .text.PendSV_Handler
                0x08000c34        0xc ./Core/Src/stm32f1xx_it.o
                0x08000c34                PendSV_Handler
 .text.SysTick_Handler
                0x08000c40        0xc ./Core/Src/stm32f1xx_it.o
                0x08000c40                SysTick_Handler
 .text.TIM2_IRQHandler
                0x08000c4c       0x14 ./Core/Src/stm32f1xx_it.o
                0x08000c4c                TIM2_IRQHandler
 .text.SystemInit
                0x08000c60        0xc ./Core/Src/system_stm32f1xx.o
                0x08000c60                SystemInit
 .text.Reset_Handler
                0x08000c6c       0x48 ./Core/Startup/startup_stm32f103c6ux.o
                0x08000c6c                Reset_Handler
 .text.Default_Handler
                0x08000cb4        0x2 ./Core/Startup/startup_stm32f103c6ux.o
                0x08000cb4                RTC_Alarm_IRQHandler
                0x08000cb4                EXTI2_IRQHandler
                0x08000cb4                TIM1_CC_IRQHandler
                0x08000cb4                PVD_IRQHandler
                0x08000cb4                EXTI3_IRQHandler
                0x08000cb4                EXTI0_IRQHandler
                0x08000cb4                ADC1_2_IRQHandler
                0x08000cb4                SPI1_IRQHandler
                0x08000cb4                TAMPER_IRQHandler
                0x08000cb4                DMA1_Channel4_IRQHandler
                0x08000cb4                RTC_IRQHandler
                0x08000cb4                DMA1_Channel7_IRQHandler
                0x08000cb4                CAN1_RX1_IRQHandler
                0x08000cb4                I2C1_EV_IRQHandler
                0x08000cb4                DMA1_Channel6_IRQHandler
                0x08000cb4                TIM3_IRQHandler
                0x08000cb4                RCC_IRQHandler
                0x08000cb4                TIM1_TRG_COM_IRQHandler
                0x08000cb4                DMA1_Channel1_IRQHandler
                0x08000cb4                Default_Handler
                0x08000cb4                EXTI15_10_IRQHandler
                0x08000cb4                EXTI9_5_IRQHandler
                0x08000cb4                DMA1_Channel5_IRQHandler
                0x08000cb4                EXTI4_IRQHandler
                0x08000cb4                USB_LP_CAN1_RX0_IRQHandler
                0x08000cb4                USB_HP_CAN1_TX_IRQHandler
                0x08000cb4                DMA1_Channel3_IRQHandler
                0x08000cb4                TIM1_UP_IRQHandler
                0x08000cb4                WWDG_IRQHandler
                0x08000cb4                TIM1_BRK_IRQHandler
                0x08000cb4                EXTI1_IRQHandler
                0x08000cb4                USART2_IRQHandler
                0x08000cb4                DMA1_Channel2_IRQHandler
                0x08000cb4                CAN1_SCE_IRQHandler
                0x08000cb4                FLASH_IRQHandler
                0x08000cb4                USART1_IRQHandler
                0x08000cb4                I2C1_ER_IRQHandler
                0x08000cb4                USBWakeUp_IRQHandler
 *fill*         0x08000cb6        0x2 
 .text.HAL_Init
                0x08000cb8       0x2c ./Drivers/STM32F1xx_HAL_Driver/Src/stm32f1xx_hal.o
                0x08000cb8                HAL_Init
 .text.HAL_InitTick
                0x08000ce4       0x60 ./Drivers/STM32F1xx_HAL_Driver/Src/stm32f1xx_hal.o
                0x08000ce4                HAL_InitTick
 .text.HAL_IncTick
                0x08000d44       0x24 ./Drivers/STM32F1xx_HAL_Driver/Src/stm32f1xx_hal.o
                0x08000d44                HAL_IncTick
 .text.HAL_GetTick
                0x08000d68       0x14 ./Drivers/STM32F1xx_HAL_Driver/Src/stm32f1xx_hal.o
                0x08000d68                HAL_GetTick
 .text.__NVIC_SetPriorityGrouping
                0x08000d7c       0x48 ./Drivers/STM32F1xx_HAL_Driver/Src/stm32f1xx_hal_cortex.o
 .text.__NVIC_GetPriorityGrouping
                0x08000dc4       0x1c ./Drivers/STM32F1xx_HAL_Driver/Src/stm32f1xx_hal_cortex.o
 .text.__NVIC_EnableIRQ
                0x08000de0       0x38 ./Drivers/STM32F1xx_HAL_Driver/Src/stm32f1xx_hal_cortex.o
 .text.__NVIC_SetPriority
                0x08000e18       0x54 ./Drivers/STM32F1xx_HAL_Driver/Src/stm32f1xx_hal_cortex.o
 .text.NVIC_EncodePriority
                0x08000e6c       0x64 ./Drivers/STM32F1xx_HAL_Driver/Src/stm32f1xx_hal_cortex.o
 .text.SysTick_Config
                0x08000ed0       0x44 ./Drivers/STM32F1xx_HAL_Driver/Src/stm32f1xx_hal_cortex.o
 .text.HAL_NVIC_SetPriorityGrouping
                0x08000f14       0x16 ./Drivers/STM32F1xx_HAL_Driver/Src/stm32f1xx_hal_cortex.o
                0x08000f14                HAL_NVIC_SetPriorityGrouping
 .text.HAL_NVIC_SetPriority
                0x08000f2a       0x38 ./Drivers/STM32F1xx_HAL_Driver/Src/stm32f1xx_hal_cortex.o
                0x08000f2a                HAL_NVIC_SetPriority
 .text.HAL_NVIC_EnableIRQ
                0x08000f62       0x1c ./Drivers/STM32F1xx_HAL_Driver/Src/stm32f1xx_hal_cortex.o
                0x08000f62                HAL_NVIC_EnableIRQ
 .text.HAL_SYSTICK_Config
                0x08000f7e       0x18 ./Drivers/STM32F1xx_HAL_Driver/Src/stm32f1xx_hal_cortex.o
                0x08000f7e                HAL_SYSTICK_Config
 *fill*         0x08000f96        0x2 
 .text.HAL_GPIO_Init
                0x08000f98      0x2f8 ./Drivers/STM32F1xx_HAL_Driver/Src/stm32f1xx_hal_gpio.o
                0x08000f98                HAL_GPIO_Init
 .text.HAL_GPIO_WritePin
                0x08001290       0x30 ./Drivers/STM32F1xx_HAL_Driver/Src/stm32f1xx_hal_gpio.o
                0x08001290                HAL_GPIO_WritePin
 .text.HAL_GPIO_TogglePin
                0x080012c0       0x32 ./Drivers/STM32F1xx_HAL_Driver/Src/stm32f1xx_hal_gpio.o
                0x080012c0                HAL_GPIO_TogglePin
 *fill*         0x080012f2        0x2 
 .text.HAL_I2C_Init
                0x080012f4      0x288 ./Drivers/STM32F1xx_HAL_Driver/Src/stm32f1xx_hal_i2c.o
                0x080012f4                HAL_I2C_Init
 .text.HAL_RCC_OscConfig
                0x0800157c      0x504 ./Drivers/STM32F1xx_HAL_Driver/Src/stm32f1xx_hal_rcc.o
                0x0800157c                HAL_RCC_OscConfig
 .text.HAL_RCC_ClockConfig
                0x08001a80      0x1d4 ./Drivers/STM32F1xx_HAL_Driver/Src/stm32f1xx_hal_rcc.o
                0x08001a80                HAL_RCC_ClockConfig
 .text.HAL_RCC_GetSysClockFreq
                0x08001c54       0xa8 ./Drivers/STM32F1xx_HAL_Driver/Src/stm32f1xx_hal_rcc.o
                0x08001c54                HAL_RCC_GetSysClockFreq
 .text.HAL_RCC_GetHCLKFreq
                0x08001cfc       0x14 ./Drivers/STM32F1xx_HAL_Driver/Src/stm32f1xx_hal_rcc.o
                0x08001cfc                HAL_RCC_GetHCLKFreq
 .text.HAL_RCC_GetPCLK1Freq
                0x08001d10       0x28 ./Drivers/STM32F1xx_HAL_Driver/Src/stm32f1xx_hal_rcc.o
                0x08001d10                HAL_RCC_GetPCLK1Freq
 .text.RCC_Delay
                0x08001d38       0x3c ./Drivers/STM32F1xx_HAL_Driver/Src/stm32f1xx_hal_rcc.o
 .text.HAL_TIM_Base_Init
                0x08001d74       0x9e ./Drivers/STM32F1xx_HAL_Driver/Src/stm32f1xx_hal_tim.o
                0x08001d74                HAL_TIM_Base_Init
 *fill*         0x08001e12        0x2 
 .text.HAL_TIM_Base_Start_IT
                0x08001e14       0x98 ./Drivers/STM32F1xx_HAL_Driver/Src/stm32f1xx_hal_tim.o
                0x08001e14                HAL_TIM_Base_Start_IT
 .text.HAL_TIM_IRQHandler
                0x08001eac      0x1e0 ./Drivers/STM32F1xx_HAL_Driver/Src/stm32f1xx_hal_tim.o
                0x08001eac                HAL_TIM_IRQHandler
 .text.HAL_TIM_ConfigClockSource
                0x0800208c      0x18e ./Drivers/STM32F1xx_HAL_Driver/Src/stm32f1xx_hal_tim.o
                0x0800208c                HAL_TIM_ConfigClockSource
 .text.HAL_TIM_OC_DelayElapsedCallback
                0x0800221a       0x12 ./Drivers/STM32F1xx_HAL_Driver/Src/stm32f1xx_hal_tim.o
                0x0800221a                HAL_TIM_OC_DelayElapsedCallback
 .text.HAL_TIM_IC_CaptureCallback
                0x0800222c       0x12 ./Drivers/STM32F1xx_HAL_Driver/Src/stm32f1xx_hal_tim.o
                0x0800222c                HAL_TIM_IC_CaptureCallback
 .text.HAL_TIM_PWM_PulseFinishedCallback
                0x0800223e       0x12 ./Drivers/STM32F1xx_HAL_Driver/Src/stm32f1xx_hal_tim.o
                0x0800223e                HAL_TIM_PWM_PulseFinishedCallback
 .text.HAL_TIM_TriggerCallback
                0x08002250       0x12 ./Drivers/STM32F1xx_HAL_Driver/Src/stm32f1xx_hal_tim.o
                0x08002250                HAL_TIM_TriggerCallback
 *fill*         0x08002262        0x2 
 .text.TIM_Base_SetConfig
                0x08002264       0xc8 ./Drivers/STM32F1xx_HAL_Driver/Src/stm32f1xx_hal_tim.o
                0x08002264                TIM_Base_SetConfig
 .text.TIM_TI1_ConfigInputStage
                0x0800232c       0x5c ./Drivers/STM32F1xx_HAL_Driver/Src/stm32f1xx_hal_tim.o
 .text.TIM_TI2_ConfigInputStage
                0x08002388       0x5e ./Drivers/STM32F1xx_HAL_Driver/Src/stm32f1xx_hal_tim.o
 .text.TIM_ITRx_SetConfig
                0x080023e6       0x34 ./Drivers/STM32F1xx_HAL_Driver/Src/stm32f1xx_hal_tim.o
 .text.TIM_ETR_SetConfig
                0x0800241a       0x3e ./Drivers/STM32F1xx_HAL_Driver/Src/stm32f1xx_hal_tim.o
                0x0800241a                TIM_ETR_SetConfig
 .text.HAL_TIMEx_MasterConfigSynchronization
                0x08002458       0xb0 ./Drivers/STM32F1xx_HAL_Driver/Src/stm32f1xx_hal_tim_ex.o
                0x08002458                HAL_TIMEx_MasterConfigSynchronization
 .text.HAL_TIMEx_CommutCallback
                0x08002508       0x12 ./Drivers/STM32F1xx_HAL_Driver/Src/stm32f1xx_hal_tim_ex.o
                0x08002508                HAL_TIMEx_CommutCallback
 .text.HAL_TIMEx_BreakCallback
                0x0800251a       0x12 ./Drivers/STM32F1xx_HAL_Driver/Src/stm32f1xx_hal_tim_ex.o
                0x0800251a                HAL_TIMEx_BreakCallback
 .text.memset   0x0800252c       0x10 E:/ST/STM32CubeIDE_1.16.0/STM32CubeIDE/plugins/com.st.stm32cube.ide.mcu.externaltools.gnu-tools-for-stm32.12.3.rel1.win32_1.0.200.202406191623/tools/bin/../lib/gcc/arm-none-eabi/12.3.1/../../../../arm-none-eabi/lib/thumb/v7-m/nofp\libc_nano.a(libc_a-memset.o)
                0x0800252c                memset
 .text.__libc_init_array
                0x0800253c       0x48 E:/ST/STM32CubeIDE_1.16.0/STM32CubeIDE/plugins/com.st.stm32cube.ide.mcu.externaltools.gnu-tools-for-stm32.12.3.rel1.win32_1.0.200.202406191623/tools/bin/../lib/gcc/arm-none-eabi/12.3.1/../../../../arm-none-eabi/lib/thumb/v7-m/nofp\libc_nano.a(libc_a-init.o)
                0x0800253c                __libc_init_array
 *(.glue_7)
 .glue_7        0x08002584        0x0 linker stubs
 *(.glue_7t)
 .glue_7t       0x08002584        0x0 linker stubs
 *(.eh_frame)
 .eh_frame      0x08002584        0x0 E:/ST/STM32CubeIDE_1.16.0/STM32CubeIDE/plugins/com.st.stm32cube.ide.mcu.externaltools.gnu-tools-for-stm32.12.3.rel1.win32_1.0.200.202406191623/tools/bin/../lib/gcc/arm-none-eabi/12.3.1/thumb/v7-m/nofp/crtbegin.o
 *(.init)
 .init          0x08002584        0x4 E:/ST/STM32CubeIDE_1.16.0/STM32CubeIDE/plugins/com.st.stm32cube.ide.mcu.externaltools.gnu-tools-for-stm32.12.3.rel1.win32_1.0.200.202406191623/tools/bin/../lib/gcc/arm-none-eabi/12.3.1/thumb/v7-m/nofp/crti.o
                0x08002584                _init
 .init          0x08002588        0x8 E:/ST/STM32CubeIDE_1.16.0/STM32CubeIDE/plugins/com.st.stm32cube.ide.mcu.externaltools.gnu-tools-for-stm32.12.3.rel1.win32_1.0.200.202406191623/tools/bin/../lib/gcc/arm-none-eabi/12.3.1/thumb/v7-m/nofp/crtn.o
 *(.fini)
 .fini          0x08002590        0x4 E:/ST/STM32CubeIDE_1.16.0/STM32CubeIDE/plugins/com.st.stm32cube.ide.mcu.externaltools.gnu-tools-for-stm32.12.3.rel1.win32_1.0.200.202406191623/tools/bin/../lib/gcc/arm-none-eabi/12.3.1/thumb/v7-m/nofp/crti.o
                0x08002590                _fini
 .fini          0x08002594        0x8 E:/ST/STM32CubeIDE_1.16.0/STM32CubeIDE/plugins/com.st.stm32cube.ide.mcu.externaltools.gnu-tools-for-stm32.12.3.rel1.win32_1.0.200.202406191623/tools/bin/../lib/gcc/arm-none-eabi/12.3.1/thumb/v7-m/nofp/crtn.o
                0x0800259c                        . = ALIGN (0x4)
                0x0800259c                        _etext = .

.vfp11_veneer   0x0800259c        0x0
 .vfp11_veneer  0x0800259c        0x0 linker stubs

.v4_bx          0x0800259c        0x0
 .v4_bx         0x0800259c        0x0 linker stubs

.iplt           0x0800259c        0x0
 .iplt          0x0800259c        0x0 E:/ST/STM32CubeIDE_1.16.0/STM32CubeIDE/plugins/com.st.stm32cube.ide.mcu.externaltools.gnu-tools-for-stm32.12.3.rel1.win32_1.0.200.202406191623/tools/bin/../lib/gcc/arm-none-eabi/12.3.1/thumb/v7-m/nofp/crtbegin.o

.rodata         0x0800259c       0x2c
                0x0800259c                        . = ALIGN (0x4)
 *(.rodata)
 *(.rodata*)
 .rodata.AHBPrescTable
                0x0800259c       0x10 ./Core/Src/system_stm32f1xx.o
                0x0800259c                AHBPrescTable
 .rodata.APBPrescTable
                0x080025ac        0x8 ./Core/Src/system_stm32f1xx.o
                0x080025ac                APBPrescTable
 .rodata.aPLLMULFactorTable.1
                0x080025b4       0x10 ./Drivers/STM32F1xx_HAL_Driver/Src/stm32f1xx_hal_rcc.o
 .rodata.aPredivFactorTable.0
                0x080025c4        0x2 ./Drivers/STM32F1xx_HAL_Driver/Src/stm32f1xx_hal_rcc.o
                0x080025c8                        . = ALIGN (0x4)
 *fill*         0x080025c6        0x2 

.ARM.extab      0x080025c8        0x0
                0x080025c8                        . = ALIGN (0x4)
 *(.ARM.extab* .gnu.linkonce.armextab.*)
                0x080025c8                        . = ALIGN (0x4)

.ARM            0x080025c8        0x0
                0x080025c8                        . = ALIGN (0x4)
                0x080025c8                        __exidx_start = .
 *(.ARM.exidx*)
                0x080025c8                        __exidx_end = .
                0x080025c8                        . = ALIGN (0x4)

.preinit_array  0x080025c8        0x0
                0x080025c8                        . = ALIGN (0x4)
                0x080025c8                        PROVIDE (__preinit_array_start = .)
 *(.preinit_array*)
                0x080025c8                        PROVIDE (__preinit_array_end = .)
                0x080025c8                        . = ALIGN (0x4)

.init_array     0x080025c8        0x4
                0x080025c8                        . = ALIGN (0x4)
                0x080025c8                        PROVIDE (__init_array_start = .)
 *(SORT_BY_NAME(.init_array.*))
 *(.init_array*)
 .init_array    0x080025c8        0x4 E:/ST/STM32CubeIDE_1.16.0/STM32CubeIDE/plugins/com.st.stm32cube.ide.mcu.externaltools.gnu-tools-for-stm32.12.3.rel1.win32_1.0.200.202406191623/tools/bin/../lib/gcc/arm-none-eabi/12.3.1/thumb/v7-m/nofp/crtbegin.o
                0x080025cc                        PROVIDE (__init_array_end = .)
                0x080025cc                        . = ALIGN (0x4)

.fini_array     0x080025cc        0x4
                0x080025cc                        . = ALIGN (0x4)
                [!provide]                        PROVIDE (__fini_array_start = .)
 *(SORT_BY_NAME(.fini_array.*))
 *(.fini_array*)
 .fini_array    0x080025cc        0x4 E:/ST/STM32CubeIDE_1.16.0/STM32CubeIDE/plugins/com.st.stm32cube.ide.mcu.externaltools.gnu-tools-for-stm32.12.3.rel1.win32_1.0.200.202406191623/tools/bin/../lib/gcc/arm-none-eabi/12.3.1/thumb/v7-m/nofp/crtbegin.o
                [!provide]                        PROVIDE (__fini_array_end = .)
                0x080025d0                        . = ALIGN (0x4)
                0x080025d0                        _sidata = LOADADDR (.data)

.rel.dyn        0x080025d0        0x0
 .rel.iplt      0x080025d0        0x0 E:/ST/STM32CubeIDE_1.16.0/STM32CubeIDE/plugins/com.st.stm32cube.ide.mcu.externaltools.gnu-tools-for-stm32.12.3.rel1.win32_1.0.200.202406191623/tools/bin/../lib/gcc/arm-none-eabi/12.3.1/thumb/v7-m/nofp/crtbegin.o

.data           0x20000000       0x18 load address 0x080025d0
                0x20000000                        . = ALIGN (0x4)
                0x20000000                        _sdata = .
 *(.data)
 *(.data*)
 .data.time_red
                0x20000000        0x4 ./Core/Src/global.o
                0x20000000                time_red
 .data.time_yellow
                0x20000004        0x4 ./Core/Src/global.o
                0x20000004                time_yellow
 .data.time_green
                0x20000008        0x4 ./Core/Src/global.o
                0x20000008                time_green
 .data.SystemCoreClock
                0x2000000c        0x4 ./Core/Src/system_stm32f1xx.o
                0x2000000c                SystemCoreClock
 .data.uwTickPrio
                0x20000010        0x4 ./Drivers/STM32F1xx_HAL_Driver/Src/stm32f1xx_hal.o
                0x20000010                uwTickPrio
 .data.uwTickFreq
                0x20000014        0x1 ./Drivers/STM32F1xx_HAL_Driver/Src/stm32f1xx_hal.o
                0x20000014                uwTickFreq
 *(.RamFunc)
 *(.RamFunc*)
                0x20000018                        . = ALIGN (0x4)
 *fill*         0x20000015        0x3 
                0x20000018                        _edata = .

.igot.plt       0x20000018        0x0 load address 0x080025e8
 .igot.plt      0x20000018        0x0 E:/ST/STM32CubeIDE_1.16.0/STM32CubeIDE/plugins/com.st.stm32cube.ide.mcu.externaltools.gnu-tools-for-stm32.12.3.rel1.win32_1.0.200.202406191623/tools/bin/../lib/gcc/arm-none-eabi/12.3.1/thumb/v7-m/nofp/crtbegin.o
                0x20000018                        . = ALIGN (0x4)

.bss            0x20000018      0x3f8 load address 0x080025e8
                0x20000018                        _sbss = .
                0x20000018                        __bss_start__ = _sbss
 *(.bss)
 .bss           0x20000018       0x1c E:/ST/STM32CubeIDE_1.16.0/STM32CubeIDE/plugins/com.st.stm32cube.ide.mcu.externaltools.gnu-tools-for-stm32.12.3.rel1.win32_1.0.200.202406191623/tools/bin/../lib/gcc/arm-none-eabi/12.3.1/thumb/v7-m/nofp/crtbegin.o
 *(.bss*)
 .bss.status1   0x20000034        0x4 ./Core/Src/global.o
                0x20000034                status1
 .bss.status2   0x20000038        0x4 ./Core/Src/global.o
                0x20000038                status2
 .bss.count1    0x2000003c        0x4 ./Core/Src/global.o
                0x2000003c                count1
 .bss.count2    0x20000040        0x4 ./Core/Src/global.o
                0x20000040                count2
 .bss.count3    0x20000044        0x4 ./Core/Src/global.o
                0x20000044                count3
 .bss.hi2c1     0x20000048       0x54 ./Core/Src/main.o
                0x20000048                hi2c1
 .bss.htim2     0x2000009c       0x48 ./Core/Src/main.o
                0x2000009c                htim2
 .bss.SCH_tasks_G
                0x200000e4      0x320 ./Core/Src/scheduler.o
 .bss.Error_code_G
                0x20000404        0x1 ./Core/Src/scheduler.o
                0x20000404                Error_code_G
 .bss.Error_port
                0x20000405        0x1 ./Core/Src/scheduler.o
                0x20000405                Error_port
 .bss.Last_error_code_G
                0x20000406        0x1 ./Core/Src/scheduler.o
                0x20000406                Last_error_code_G
 *fill*         0x20000407        0x1 
 .bss.Error_tick_count_G
                0x20000408        0x4 ./Core/Src/scheduler.o
                0x20000408                Error_tick_count_G
 .bss.uwTick    0x2000040c        0x4 ./Drivers/STM32F1xx_HAL_Driver/Src/stm32f1xx_hal.o
                0x2000040c                uwTick
 *(COMMON)
                0x20000410                        . = ALIGN (0x4)
                0x20000410                        _ebss = .
                0x20000410                        __bss_end__ = _ebss

._user_heap_stack
                0x20000410      0x600 load address 0x080025e8
                0x20000410                        . = ALIGN (0x8)
                [!provide]                        PROVIDE (end = .)
                0x20000410                        PROVIDE (_end = .)
                0x20000610                        . = (. + _Min_Heap_Size)
 *fill*         0x20000410      0x200 
                0x20000a10                        . = (. + _Min_Stack_Size)
 *fill*         0x20000610      0x400 
                0x20000a10                        . = ALIGN (0x8)

/DISCARD/
 libc.a(*)
 libm.a(*)
 libgcc.a(*)

.ARM.attributes
                0x00000000       0x29
 *(.ARM.attributes)
 .ARM.attributes
                0x00000000       0x1d E:/ST/STM32CubeIDE_1.16.0/STM32CubeIDE/plugins/com.st.stm32cube.ide.mcu.externaltools.gnu-tools-for-stm32.12.3.rel1.win32_1.0.200.202406191623/tools/bin/../lib/gcc/arm-none-eabi/12.3.1/thumb/v7-m/nofp/crti.o
 .ARM.attributes
                0x0000001d       0x2d E:/ST/STM32CubeIDE_1.16.0/STM32CubeIDE/plugins/com.st.stm32cube.ide.mcu.externaltools.gnu-tools-for-stm32.12.3.rel1.win32_1.0.200.202406191623/tools/bin/../lib/gcc/arm-none-eabi/12.3.1/thumb/v7-m/nofp/crtbegin.o
 .ARM.attributes
                0x0000004a       0x2d ./Core/Src/fsm_automatic.o
 .ARM.attributes
                0x00000077       0x2d ./Core/Src/global.o
 .ARM.attributes
                0x000000a4       0x2d ./Core/Src/main.o
 .ARM.attributes
                0x000000d1       0x2d ./Core/Src/scheduler.o
 .ARM.attributes
                0x000000fe       0x2d ./Core/Src/stm32f1xx_hal_msp.o
 .ARM.attributes
                0x0000012b       0x2d ./Core/Src/stm32f1xx_it.o
 .ARM.attributes
                0x00000158       0x2d ./Core/Src/system_stm32f1xx.o
 .ARM.attributes
                0x00000185       0x21 ./Core/Startup/startup_stm32f103c6ux.o
 .ARM.attributes
                0x000001a6       0x2d ./Drivers/STM32F1xx_HAL_Driver/Src/stm32f1xx_hal.o
 .ARM.attributes
                0x000001d3       0x2d ./Drivers/STM32F1xx_HAL_Driver/Src/stm32f1xx_hal_cortex.o
 .ARM.attributes
                0x00000200       0x2d ./Drivers/STM32F1xx_HAL_Driver/Src/stm32f1xx_hal_gpio.o
 .ARM.attributes
                0x0000022d       0x2d ./Drivers/STM32F1xx_HAL_Driver/Src/stm32f1xx_hal_i2c.o
 .ARM.attributes
                0x0000025a       0x2d ./Drivers/STM32F1xx_HAL_Driver/Src/stm32f1xx_hal_rcc.o
 .ARM.attributes
                0x00000287       0x2d ./Drivers/STM32F1xx_HAL_Driver/Src/stm32f1xx_hal_tim.o
 .ARM.attributes
                0x000002b4       0x2d ./Drivers/STM32F1xx_HAL_Driver/Src/stm32f1xx_hal_tim_ex.o
 .ARM.attributes
                0x000002e1       0x2d E:/ST/STM32CubeIDE_1.16.0/STM32CubeIDE/plugins/com.st.stm32cube.ide.mcu.externaltools.gnu-tools-for-stm32.12.3.rel1.win32_1.0.200.202406191623/tools/bin/../lib/gcc/arm-none-eabi/12.3.1/../../../../arm-none-eabi/lib/thumb/v7-m/nofp\libc_nano.a(libc_a-memset.o)
 .ARM.attributes
                0x0000030e       0x2d E:/ST/STM32CubeIDE_1.16.0/STM32CubeIDE/plugins/com.st.stm32cube.ide.mcu.externaltools.gnu-tools-for-stm32.12.3.rel1.win32_1.0.200.202406191623/tools/bin/../lib/gcc/arm-none-eabi/12.3.1/../../../../arm-none-eabi/lib/thumb/v7-m/nofp\libc_nano.a(libc_a-init.o)
 .ARM.attributes
                0x0000033b       0x1d E:/ST/STM32CubeIDE_1.16.0/STM32CubeIDE/plugins/com.st.stm32cube.ide.mcu.externaltools.gnu-tools-for-stm32.12.3.rel1.win32_1.0.200.202406191623/tools/bin/../lib/gcc/arm-none-eabi/12.3.1/thumb/v7-m/nofp/crtn.o
OUTPUT(VLX_Project.elf elf32-littlearm)
LOAD linker stubs
LOAD E:/ST/STM32CubeIDE_1.16.0/STM32CubeIDE/plugins/com.st.stm32cube.ide.mcu.externaltools.gnu-tools-for-stm32.12.3.rel1.win32_1.0.200.202406191623/tools/bin/../lib/gcc/arm-none-eabi/12.3.1/../../../../arm-none-eabi/lib/thumb/v7-m/nofp\libc.a
LOAD E:/ST/STM32CubeIDE_1.16.0/STM32CubeIDE/plugins/com.st.stm32cube.ide.mcu.externaltools.gnu-tools-for-stm32.12.3.rel1.win32_1.0.200.202406191623/tools/bin/../lib/gcc/arm-none-eabi/12.3.1/../../../../arm-none-eabi/lib/thumb/v7-m/nofp\libm.a
LOAD E:/ST/STM32CubeIDE_1.16.0/STM32CubeIDE/plugins/com.st.stm32cube.ide.mcu.externaltools.gnu-tools-for-stm32.12.3.rel1.win32_1.0.200.202406191623/tools/bin/../lib/gcc/arm-none-eabi/12.3.1/thumb/v7-m/nofp\libgcc.a

.debug_info     0x00000000     0xaeda
 .debug_info    0x00000000      0x130 ./Core/Src/fsm_automatic.o
 .debug_info    0x00000130      0x408 ./Core/Src/global.o
 .debug_info    0x00000538      0xed1 ./Core/Src/main.o
 .debug_info    0x00001409      0x298 ./Core/Src/scheduler.o
 .debug_info    0x000016a1      0xd5f ./Core/Src/stm32f1xx_hal_msp.o
 .debug_info    0x00002400      0x6a1 ./Core/Src/stm32f1xx_it.o
 .debug_info    0x00002aa1      0x222 ./Core/Src/system_stm32f1xx.o
 .debug_info    0x00002cc3       0x30 ./Core/Startup/startup_stm32f103c6ux.o
 .debug_info    0x00002cf3      0x6e6 ./Drivers/STM32F1xx_HAL_Driver/Src/stm32f1xx_hal.o
 .debug_info    0x000033d9      0xa69 ./Drivers/STM32F1xx_HAL_Driver/Src/stm32f1xx_hal_cortex.o
 .debug_info    0x00003e42      0x5ab ./Drivers/STM32F1xx_HAL_Driver/Src/stm32f1xx_hal_gpio.o
 .debug_info    0x000043ed     0x2524 ./Drivers/STM32F1xx_HAL_Driver/Src/stm32f1xx_hal_i2c.o
 .debug_info    0x00006911      0x7d5 ./Drivers/STM32F1xx_HAL_Driver/Src/stm32f1xx_hal_rcc.o
 .debug_info    0x000070e6     0x2959 ./Drivers/STM32F1xx_HAL_Driver/Src/stm32f1xx_hal_tim.o
 .debug_info    0x00009a3f     0x149b ./Drivers/STM32F1xx_HAL_Driver/Src/stm32f1xx_hal_tim_ex.o

.debug_abbrev   0x00000000     0x1c68
 .debug_abbrev  0x00000000       0x72 ./Core/Src/fsm_automatic.o
 .debug_abbrev  0x00000072      0x197 ./Core/Src/global.o
 .debug_abbrev  0x00000209      0x313 ./Core/Src/main.o
 .debug_abbrev  0x0000051c      0x171 ./Core/Src/scheduler.o
 .debug_abbrev  0x0000068d      0x1d5 ./Core/Src/stm32f1xx_hal_msp.o
 .debug_abbrev  0x00000862      0x191 ./Core/Src/stm32f1xx_it.o
 .debug_abbrev  0x000009f3      0x13f ./Core/Src/system_stm32f1xx.o
 .debug_abbrev  0x00000b32       0x24 ./Core/Startup/startup_stm32f103c6ux.o
 .debug_abbrev  0x00000b56      0x201 ./Drivers/STM32F1xx_HAL_Driver/Src/stm32f1xx_hal.o
 .debug_abbrev  0x00000d57      0x2f8 ./Drivers/STM32F1xx_HAL_Driver/Src/stm32f1xx_hal_cortex.o
 .debug_abbrev  0x0000104f      0x1ca ./Drivers/STM32F1xx_HAL_Driver/Src/stm32f1xx_hal_gpio.o
 .debug_abbrev  0x00001219      0x2a3 ./Drivers/STM32F1xx_HAL_Driver/Src/stm32f1xx_hal_i2c.o
 .debug_abbrev  0x000014bc      0x2b3 ./Drivers/STM32F1xx_HAL_Driver/Src/stm32f1xx_hal_rcc.o
 .debug_abbrev  0x0000176f      0x277 ./Drivers/STM32F1xx_HAL_Driver/Src/stm32f1xx_hal_tim.o
 .debug_abbrev  0x000019e6      0x282 ./Drivers/STM32F1xx_HAL_Driver/Src/stm32f1xx_hal_tim_ex.o

.debug_aranges  0x00000000      0xcd8
 .debug_aranges
                0x00000000       0x20 ./Core/Src/fsm_automatic.o
 .debug_aranges
                0x00000020       0x70 ./Core/Src/global.o
 .debug_aranges
                0x00000090       0x58 ./Core/Src/main.o
 .debug_aranges
                0x000000e8       0x50 ./Core/Src/scheduler.o
 .debug_aranges
                0x00000138       0x40 ./Core/Src/stm32f1xx_hal_msp.o
 .debug_aranges
                0x00000178       0x68 ./Core/Src/stm32f1xx_it.o
 .debug_aranges
                0x000001e0       0x28 ./Core/Src/system_stm32f1xx.o
 .debug_aranges
                0x00000208       0x28 ./Core/Startup/startup_stm32f103c6ux.o
 .debug_aranges
                0x00000230       0xe0 ./Drivers/STM32F1xx_HAL_Driver/Src/stm32f1xx_hal.o
 .debug_aranges
                0x00000310      0x100 ./Drivers/STM32F1xx_HAL_Driver/Src/stm32f1xx_hal_cortex.o
 .debug_aranges
                0x00000410       0x58 ./Drivers/STM32F1xx_HAL_Driver/Src/stm32f1xx_hal_gpio.o
 .debug_aranges
                0x00000468      0x2a8 ./Drivers/STM32F1xx_HAL_Driver/Src/stm32f1xx_hal_i2c.o
 .debug_aranges
                0x00000710       0x90 ./Drivers/STM32F1xx_HAL_Driver/Src/stm32f1xx_hal_rcc.o
 .debug_aranges
                0x000007a0      0x3d0 ./Drivers/STM32F1xx_HAL_Driver/Src/stm32f1xx_hal_tim.o
 .debug_aranges
                0x00000b70      0x168 ./Drivers/STM32F1xx_HAL_Driver/Src/stm32f1xx_hal_tim_ex.o

.debug_rnglists
                0x00000000      0xa0a
 .debug_rnglists
                0x00000000       0x14 ./Core/Src/fsm_automatic.o
 .debug_rnglists
                0x00000014       0x50 ./Core/Src/global.o
 .debug_rnglists
                0x00000064       0x3f ./Core/Src/main.o
 .debug_rnglists
                0x000000a3       0x3b ./Core/Src/scheduler.o
 .debug_rnglists
                0x000000de       0x2c ./Core/Src/stm32f1xx_hal_msp.o
 .debug_rnglists
                0x0000010a       0x49 ./Core/Src/stm32f1xx_it.o
 .debug_rnglists
                0x00000153       0x1a ./Core/Src/system_stm32f1xx.o
 .debug_rnglists
                0x0000016d       0x19 ./Core/Startup/startup_stm32f103c6ux.o
 .debug_rnglists
                0x00000186       0xa3 ./Drivers/STM32F1xx_HAL_Driver/Src/stm32f1xx_hal.o
 .debug_rnglists
                0x00000229       0xbb ./Drivers/STM32F1xx_HAL_Driver/Src/stm32f1xx_hal_cortex.o
 .debug_rnglists
                0x000002e4       0x3f ./Drivers/STM32F1xx_HAL_Driver/Src/stm32f1xx_hal_gpio.o
 .debug_rnglists
                0x00000323      0x23c ./Drivers/STM32F1xx_HAL_Driver/Src/stm32f1xx_hal_i2c.o
 .debug_rnglists
                0x0000055f       0x6c ./Drivers/STM32F1xx_HAL_Driver/Src/stm32f1xx_hal_rcc.o
 .debug_rnglists
                0x000005cb      0x31a ./Drivers/STM32F1xx_HAL_Driver/Src/stm32f1xx_hal_tim.o
 .debug_rnglists
                0x000008e5      0x125 ./Drivers/STM32F1xx_HAL_Driver/Src/stm32f1xx_hal_tim_ex.o

.debug_macro    0x00000000     0x1aa7
 .debug_macro   0x00000000      0x1f2 ./Core/Src/fsm_automatic.o
 .debug_macro   0x000001f2       0x28 ./Core/Src/fsm_automatic.o
 .debug_macro   0x0000021a       0x64 ./Core/Src/fsm_automatic.o
 .debug_macro   0x0000027e       0xca ./Core/Src/fsm_automatic.o
 .debug_macro   0x00000348      0x1ee ./Core/Src/global.o
 .debug_macro   0x00000536      0x201 ./Core/Src/main.o
 .debug_macro   0x00000737      0x1ba ./Core/Src/scheduler.o
 .debug_macro   0x000008f1       0x5e ./Core/Src/scheduler.o
 .debug_macro   0x0000094f      0x1ab ./Core/Src/stm32f1xx_hal_msp.o
 .debug_macro   0x00000afa      0x1b5 ./Core/Src/stm32f1xx_it.o
 .debug_macro   0x00000caf      0x1a1 ./Core/Src/system_stm32f1xx.o
 .debug_macro   0x00000e50      0x1c5 ./Drivers/STM32F1xx_HAL_Driver/Src/stm32f1xx_hal.o
 .debug_macro   0x00001015      0x1a1 ./Drivers/STM32F1xx_HAL_Driver/Src/stm32f1xx_hal_cortex.o
 .debug_macro   0x000011b6      0x20c ./Drivers/STM32F1xx_HAL_Driver/Src/stm32f1xx_hal_gpio.o
 .debug_macro   0x000013c2      0x1ef ./Drivers/STM32F1xx_HAL_Driver/Src/stm32f1xx_hal_i2c.o
 .debug_macro   0x000015b1      0x1b3 ./Drivers/STM32F1xx_HAL_Driver/Src/stm32f1xx_hal_rcc.o
 .debug_macro   0x00001764      0x1a2 ./Drivers/STM32F1xx_HAL_Driver/Src/stm32f1xx_hal_tim.o
 .debug_macro   0x00001906      0x1a1 ./Drivers/STM32F1xx_HAL_Driver/Src/stm32f1xx_hal_tim_ex.o

.debug_line     0x00000000     0xf035
 .debug_line    0x00000000      0x7e3 ./Core/Src/fsm_automatic.o
 .debug_line    0x000007e3      0x89d ./Core/Src/global.o
 .debug_line    0x00001080      0x8d8 ./Core/Src/main.o
 .debug_line    0x00001958      0x8a0 ./Core/Src/scheduler.o
 .debug_line    0x000021f8      0x78b ./Core/Src/stm32f1xx_hal_msp.o
 .debug_line    0x00002983      0x7de ./Core/Src/stm32f1xx_it.o
 .debug_line    0x00003161      0x782 ./Core/Src/system_stm32f1xx.o
 .debug_line    0x000038e3       0x78 ./Core/Startup/startup_stm32f103c6ux.o
 .debug_line    0x0000395b      0x9af ./Drivers/STM32F1xx_HAL_Driver/Src/stm32f1xx_hal.o
 .debug_line    0x0000430a      0xb9b ./Drivers/STM32F1xx_HAL_Driver/Src/stm32f1xx_hal_cortex.o
 .debug_line    0x00004ea5      0xa33 ./Drivers/STM32F1xx_HAL_Driver/Src/stm32f1xx_hal_gpio.o
 .debug_line    0x000058d8     0x3c4c ./Drivers/STM32F1xx_HAL_Driver/Src/stm32f1xx_hal_i2c.o
 .debug_line    0x00009524      0xdb8 ./Drivers/STM32F1xx_HAL_Driver/Src/stm32f1xx_hal_rcc.o
 .debug_line    0x0000a2dc     0x348b ./Drivers/STM32F1xx_HAL_Driver/Src/stm32f1xx_hal_tim.o
 .debug_line    0x0000d767     0x18ce ./Drivers/STM32F1xx_HAL_Driver/Src/stm32f1xx_hal_tim_ex.o

.debug_str      0x00000000    0x84b9d
 .debug_str     0x00000000    0x81184 ./Core/Src/fsm_automatic.o
                              0x81499 (size before relaxing)
 .debug_str     0x00081184      0x12d ./Core/Src/global.o
                              0x815d7 (size before relaxing)
 .debug_str     0x000812b1      0x9fd ./Core/Src/main.o
                              0x81fee (size before relaxing)
 .debug_str     0x00081cae       0xe6 ./Core/Src/scheduler.o
                              0x81234 (size before relaxing)
 .debug_str     0x00081d94      0x337 ./Core/Src/stm32f1xx_hal_msp.o
                              0x81aef (size before relaxing)
 .debug_str     0x000820cb       0xec ./Core/Src/stm32f1xx_it.o
                              0x814fd (size before relaxing)
 .debug_str     0x000821b7       0x7e ./Core/Src/system_stm32f1xx.o
                              0x81022 (size before relaxing)
 .debug_str     0x00082235       0x44 ./Core/Startup/startup_stm32f103c6ux.o
                                 0x72 (size before relaxing)
 .debug_str     0x00082279      0x38e ./Drivers/STM32F1xx_HAL_Driver/Src/stm32f1xx_hal.o
                              0x8171b (size before relaxing)
 .debug_str     0x00082607      0x294 ./Drivers/STM32F1xx_HAL_Driver/Src/stm32f1xx_hal_cortex.o
                              0x81667 (size before relaxing)
 .debug_str     0x0008289b      0x2d3 ./Drivers/STM32F1xx_HAL_Driver/Src/stm32f1xx_hal_gpio.o
                              0x813a8 (size before relaxing)
 .debug_str     0x00082b6e      0xbdb ./Drivers/STM32F1xx_HAL_Driver/Src/stm32f1xx_hal_i2c.o
                              0x820e9 (size before relaxing)
 .debug_str     0x00083749      0x209 ./Drivers/STM32F1xx_HAL_Driver/Src/stm32f1xx_hal_rcc.o
                              0x81451 (size before relaxing)
 .debug_str     0x00083952      0xdb8 ./Drivers/STM32F1xx_HAL_Driver/Src/stm32f1xx_hal_tim.o
                              0x82453 (size before relaxing)
 .debug_str     0x0008470a      0x493 ./Drivers/STM32F1xx_HAL_Driver/Src/stm32f1xx_hal_tim_ex.o
                              0x81c5f (size before relaxing)

.comment        0x00000000       0x43
 .comment       0x00000000       0x43 ./Core/Src/fsm_automatic.o
                                 0x44 (size before relaxing)
 .comment       0x00000043       0x44 ./Core/Src/global.o
 .comment       0x00000043       0x44 ./Core/Src/main.o
 .comment       0x00000043       0x44 ./Core/Src/scheduler.o
 .comment       0x00000043       0x44 ./Core/Src/stm32f1xx_hal_msp.o
 .comment       0x00000043       0x44 ./Core/Src/stm32f1xx_it.o
 .comment       0x00000043       0x44 ./Core/Src/system_stm32f1xx.o
 .comment       0x00000043       0x44 ./Drivers/STM32F1xx_HAL_Driver/Src/stm32f1xx_hal.o
 .comment       0x00000043       0x44 ./Drivers/STM32F1xx_HAL_Driver/Src/stm32f1xx_hal_cortex.o
 .comment       0x00000043       0x44 ./Drivers/STM32F1xx_HAL_Driver/Src/stm32f1xx_hal_gpio.o
 .comment       0x00000043       0x44 ./Drivers/STM32F1xx_HAL_Driver/Src/stm32f1xx_hal_i2c.o
 .comment       0x00000043       0x44 ./Drivers/STM32F1xx_HAL_Driver/Src/stm32f1xx_hal_rcc.o
 .comment       0x00000043       0x44 ./Drivers/STM32F1xx_HAL_Driver/Src/stm32f1xx_hal_tim.o
 .comment       0x00000043       0x44 ./Drivers/STM32F1xx_HAL_Driver/Src/stm32f1xx_hal_tim_ex.o

.debug_frame    0x00000000     0x3550
 .debug_frame   0x00000000       0x2c ./Core/Src/fsm_automatic.o
 .debug_frame   0x0000002c      0x14c ./Core/Src/global.o
 .debug_frame   0x00000178      0x10c ./Core/Src/main.o
 .debug_frame   0x00000284      0x110 ./Core/Src/scheduler.o
 .debug_frame   0x00000394       0xc8 ./Core/Src/stm32f1xx_hal_msp.o
 .debug_frame   0x0000045c      0x120 ./Core/Src/stm32f1xx_it.o
 .debug_frame   0x0000057c       0x58 ./Core/Src/system_stm32f1xx.o
 .debug_frame   0x000005d4      0x334 ./Drivers/STM32F1xx_HAL_Driver/Src/stm32f1xx_hal.o
 .debug_frame   0x00000908      0x428 ./Drivers/STM32F1xx_HAL_Driver/Src/stm32f1xx_hal_cortex.o
 .debug_frame   0x00000d30      0x14c ./Drivers/STM32F1xx_HAL_Driver/Src/stm32f1xx_hal_gpio.o
 .debug_frame   0x00000e7c      0xc84 ./Drivers/STM32F1xx_HAL_Driver/Src/stm32f1xx_hal_i2c.o
 .debug_frame   0x00001b00      0x218 ./Drivers/STM32F1xx_HAL_Driver/Src/stm32f1xx_hal_rcc.o
 .debug_frame   0x00001d18     0x11b4 ./Drivers/STM32F1xx_HAL_Driver/Src/stm32f1xx_hal_tim.o
 .debug_frame   0x00002ecc      0x638 ./Drivers/STM32F1xx_HAL_Driver/Src/stm32f1xx_hal_tim_ex.o
 .debug_frame   0x00003504       0x20 E:/ST/STM32CubeIDE_1.16.0/STM32CubeIDE/plugins/com.st.stm32cube.ide.mcu.externaltools.gnu-tools-for-stm32.12.3.rel1.win32_1.0.200.202406191623/tools/bin/../lib/gcc/arm-none-eabi/12.3.1/../../../../arm-none-eabi/lib/thumb/v7-m/nofp\libc_nano.a(libc_a-memset.o)
 .debug_frame   0x00003524       0x2c E:/ST/STM32CubeIDE_1.16.0/STM32CubeIDE/plugins/com.st.stm32cube.ide.mcu.externaltools.gnu-tools-for-stm32.12.3.rel1.win32_1.0.200.202406191623/tools/bin/../lib/gcc/arm-none-eabi/12.3.1/../../../../arm-none-eabi/lib/thumb/v7-m/nofp\libc_nano.a(libc_a-init.o)

.debug_line_str
                0x00000000       0x56
 .debug_line_str
                0x00000000       0x56 ./Core/Startup/startup_stm32f103c6ux.o
